BL51 BANKED LINKER/LOCATER V6.22.4.0                                                    04/01/2026  17:09:07  PAGE 1


BL51 BANKED LINKER/LOCATER V6.22.4.0, INVOKED BY:
C:\KEIL_V5\C51\BIN\BL51.EXE .\Release\Objects\STARTUP.obj, .\Release\Objects\system.obj, .\Release\Objects\main.obj, .\R
>> elease\Objects\pwm.obj, .\Release\Objects\adc.obj, .\Release\Objects\time0.obj, .\Release\Objects\debug.obj, .\Releas
>> e\Objects\timer1.obj, .\Release\Objects\timer2.obj, .\Release\Objects\knob_dimming.obj, .\Release\Objects\rf_recv.obj
>> , .\Release\Objects\key_driver.obj, .\Release\Objects\flash.obj, .\Release\Objects\fan_ctl.obj, .\Release\Objects\tim
>> er3.obj, .\Release\Objects\engine.obj TO .\Release\Objects\Demo PRINT (.\Release\Listings\Demo.m51) RAMSIZE (256) COD
>> E (0X0000-0X3EEF) XDATA (0X6000-0X66FF)


MEMORY MODEL: LARGE WITH FLOATING POINT ARITHMETIC


INPUT MODULES INCLUDED:
  .\Release\Objects\STARTUP.obj (?C_STARTUP)
  .\Release\Objects\system.obj (SYSTEM)
  .\Release\Objects\main.obj (MAIN)
  .\Release\Objects\pwm.obj (PWM)
  .\Release\Objects\adc.obj (ADC)
  .\Release\Objects\time0.obj (TIME0)
  .\Release\Objects\debug.obj (DEBUG)
  .\Release\Objects\timer1.obj (TIMER1)
  .\Release\Objects\timer2.obj (TIMER2)
  .\Release\Objects\knob_dimming.obj (KNOB_DIMMING)
  .\Release\Objects\rf_recv.obj (RF_RECV)
  .\Release\Objects\key_driver.obj (KEY_DRIVER)
  .\Release\Objects\flash.obj (FLASH)
  .\Release\Objects\fan_ctl.obj (FAN_CTL)
  .\Release\Objects\timer3.obj (TIMER3)
  .\Release\Objects\engine.obj (ENGINE)
  C:\KEIL_V5\C51\LIB\C51FPL.LIB (?C?FPADD)
  C:\KEIL_V5\C51\LIB\C51FPL.LIB (?C?FPMUL)
  C:\KEIL_V5\C51\LIB\C51FPL.LIB (?C?FPDIV)
  C:\KEIL_V5\C51\LIB\C51FPL.LIB (?C?CASTF)
  C:\KEIL_V5\C51\LIB\C51FPL.LIB (POW)
  C:\KEIL_V5\C51\LIB\C51FPL.LIB (?C?FPGETOPN)
  C:\KEIL_V5\C51\LIB\C51FPL.LIB (?C?CHKFLOAT)
  C:\KEIL_V5\C51\LIB\C51FPL.LIB (?C?FPCMP)
  C:\KEIL_V5\C51\LIB\C51FPL.LIB (?C?FPNEG)
  C:\KEIL_V5\C51\LIB\C51FPL.LIB (?C?FCAST)
  C:\KEIL_V5\C51\LIB\C51FPL.LIB (EXP)
  C:\KEIL_V5\C51\LIB\C51FPL.LIB (LOG)
  C:\KEIL_V5\C51\LIB\C51FPL.LIB (?C?FPSERIES)
  C:\KEIL_V5\C51\LIB\C51L.LIB (?C_INIT)
  C:\KEIL_V5\C51\LIB\C51L.LIB (?C?CLDPTR)
  C:\KEIL_V5\C51\LIB\C51L.LIB (?C?CLDOPTR)
  C:\KEIL_V5\C51\LIB\C51L.LIB (?C?CILDOPTR)
  C:\KEIL_V5\C51\LIB\C51L.LIB (?C?CSTPTR)
  C:\KEIL_V5\C51\LIB\C51L.LIB (?C?CSTOPTR)
  C:\KEIL_V5\C51\LIB\C51L.LIB (?C?IILDX)
  C:\KEIL_V5\C51\LIB\C51L.LIB (?C?LADD)
  C:\KEIL_V5\C51\LIB\C51L.LIB (?C?LMUL)
  C:\KEIL_V5\C51\LIB\C51L.LIB (?C?ULDIV)
  C:\KEIL_V5\C51\LIB\C51L.LIB (?C?LNEG)
  C:\KEIL_V5\C51\LIB\C51L.LIB (?C?ULCMP)
  C:\KEIL_V5\C51\LIB\C51L.LIB (?C?ULSHR)
  C:\KEIL_V5\C51\LIB\C51L.LIB (?C?LSHL)
  C:\KEIL_V5\C51\LIB\C51L.LIB (?C?LLDXDATA)
  C:\KEIL_V5\C51\LIB\C51L.LIB (?C?LLDCODE)
BL51 BANKED LINKER/LOCATER V6.22.4.0                                                  04/01/2026  17:09:07  PAGE 2


  C:\KEIL_V5\C51\LIB\C51L.LIB (?C?LLDXDATA0)
  C:\KEIL_V5\C51\LIB\C51L.LIB (?C?LLDCODE0)
  C:\KEIL_V5\C51\LIB\C51L.LIB (?C?LSTXDATA)
  C:\KEIL_V5\C51\LIB\C51L.LIB (?C?LSTKXDATA)
  C:\KEIL_V5\C51\LIB\C51L.LIB (?C?PLDXDATA)
  C:\KEIL_V5\C51\LIB\C51L.LIB (?C?PLDIXDATA)
  C:\KEIL_V5\C51\LIB\C51L.LIB (?C?PSTXDATA)
  C:\KEIL_V5\C51\LIB\C51L.LIB (?C?PLDOPTR)
  C:\KEIL_V5\C51\LIB\C51L.LIB (?C?CCASE)
  C:\KEIL_V5\C51\LIB\C51L.LIB (?C?ICALL)
  C:\KEIL_V5\C51\LIB\C51L.LIB (?C?LIMUL)
  C:\KEIL_V5\C51\LIB\C51L.LIB (?C?PLDIDATA)
  C:\KEIL_V5\C51\LIB\C51L.LIB (?C?PLDPDATA)
  C:\KEIL_V5\C51\LIB\C51L.LIB (?C?PLDCODE)


LINK MAP OF MODULE:  .\Release\Objects\Demo (?C_STARTUP)


            TYPE    BASE      LENGTH    RELOCATION   SEGMENT NAME
            -----------------------------------------------------

            * * * * * * *   D A T A   M E M O R Y   * * * * * * *
            REG     0000H     0008H     ABSOLUTE     "REG BANK 0"
                    0008H     0018H                  *** GAP ***
            BIT     0020H.0   0000H.2   UNIT         ?BI?ADC
            BIT     0020H.2   0000H.2   UNIT         ?BI?TIMER2
            BIT     0020H.4   0000H.2   UNIT         ?BI?RF_RECV
            BIT     0020H.6   0000H.2   UNIT         ?BI?ENGINE
            BIT     0021H.0   0000H.1   UNIT         ?BI?MAIN
            BIT     0021H.1   0000H.1   UNIT         ?BI?TIME0
            BIT     0021H.2   0000H.1   UNIT         ?BI?KNOB_DIMMING
            BIT     0021H.3   0000H.1   UNIT         _BIT_GROUP_
                    0021H.4   0000H.4                *** GAP ***
            IDATA   0022H     0001H     UNIT         ?STACK

            * * * * * * *  X D A T A   M E M O R Y  * * * * * * *
                    0000H     6000H                  *** GAP ***
            XDATA   6000H     026BH     UNIT         ?XD?ENGINE
            XDATA   626BH     005FH     UNIT         ?XD?RF_RECV
            XDATA   62CAH     0042H     UNIT         ?XD?ADC
            XDATA   630CH     0015H     UNIT         ?XD?PWM
            XDATA   6321H     0010H     UNIT         _XDATA_GROUP_
            XDATA   6331H     000FH     UNIT         ?XD?TIMER2
            XDATA   6340H     000BH     UNIT         ?XD?TIME0
            XDATA   634BH     0008H     UNIT         ?XD?MAIN
            XDATA   6353H     0004H     UNIT         ?XD?TIMER1
            XDATA   6357H     0004H     UNIT         ?XD?KNOB_DIMMING
            XDATA   635BH     0004H     UNIT         ?XD?KEY_DRIVER
            XDATA   635FH     0002H     UNIT         ?XD?TIMER3

            * * * * * * *   C O D E   M E M O R Y   * * * * * * *
            CODE    0000H     0003H     ABSOLUTE     
            CODE    0003H     000CH     ABSOLUTE     
            CODE    000FH     000EH     UNIT         ?PR?PWM_CHANNEL_0_DISABLE?PWM
                    001DH     0001H                  *** GAP ***
            CODE    001EH     0003H     ABSOLUTE     
BL51 BANKED LINKER/LOCATER V6.22.4.0                                                  04/01/2026  17:09:07  PAGE 3


            CODE    0021H     0003H     ABSOLUTE     
            CODE    0024H     0003H     ABSOLUTE     
            CODE    0027H     0003H     ABSOLUTE     
            CODE    002AH     0018H     UNIT         ?PR?_DELAY_MS?SYSTEM
            CODE    0042H     0003H     ABSOLUTE     
            CODE    0045H     07C5H     UNIT         ?C?LIB_CODE
            CODE    080AH     02E5H     UNIT         ?PR?ACCORDING_PIN9_TO_ADJUST_PWM?ENGINE
            CODE    0AEFH     0276H     UNIT         ?PR?RF_KEY_HANDLE?RF_RECV
            CODE    0D65H     024BH     UNIT         ?PR?TIMR2_IRQHANDLER?TIMER2
            CODE    0FB0H     01D3H     UNIT         ?C_INITSEG
            CODE    1183H     0193H     UNIT         ?PR?_KEY_DRIVER_SCAN?KEY_DRIVER
            CODE    1316H     0166H     UNIT         ?PR?_POW?POW
            CODE    147CH     0139H     UNIT         ?PR?TIMR0_IRQHANDLER?TIME0
            CODE    15B5H     0134H     UNIT         ?PR?ADC_IRQHANDLER?ADC
            CODE    16E9H     0129H     UNIT         ?PR?LOG?LOG
            CODE    1812H     0117H     UNIT         ?PR?MAIN?MAIN
            CODE    1929H     0115H     UNIT         ?PR?UPDATE_MAX_PWM_DUTY_COEFFICIENT?KNOB_DIMMING
            CODE    1A3EH     00FDH     UNIT         ?PR?TIMR3_IRQHANDLER?TIMER3
            CODE    1B3BH     00E5H     UNIT         ?PR?RF_RECV
            CODE    1C20H     00D4H     UNIT         ?PR?TEMPERATURE_SCAN?ADC
            CODE    1CF4H     00CFH     UNIT         ?PR?SYSTEM_INIT?SYSTEM
            CODE    1DC3H     00AAH     UNIT         ?PR?PWM_INIT?PWM
            CODE    1E6DH     009EH     UNIT         ?PR?ADJUST_PWM_DUTY_WHEN_POWER_ON?MAIN
            CODE    1F0BH     009BH     UNIT         ?PR?RF_KEY_GET_KEY_ID?RF_RECV
            CODE    1FA6H     009AH     UNIT         ?PR?EXP?EXP
            CODE    2040H     008CH     UNIT         ?C_C51STARTUP
            CODE    20CCH     0087H     UNIT         ?PR?___RF_KEY_GET_EVENT?RF_RECV
            CODE    2153H     0084H     UNIT         ?PR?_GET_PWM_CHANNEL_X_ADJUST_DUTY?PWM
            CODE    21D7H     007BH     UNIT         ?PR?ENGINE
            CODE    2252H     005FH     UNIT         ?PR?TIMER2
            CODE    22B1H     005CH     UNIT         ?PR?FAN_SCAN?ADC
            CODE    230DH     004FH     UNIT         ?PR?TIMR1_IRQHANDLER?TIMER1
            CODE    235CH     0049H     UNIT         ?PR?_ADC_CHANNEL_SEL?ADC
            CODE    23A5H     0047H     UNIT         ?PR?_ADC_UPDATE_VAL?ADC
            CODE    23ECH     0045H     UNIT         ?PR?___SUB_FUN_RF_KEY_GET_EVENT?RF_RECV
            CODE    2431H     0040H     UNIT         ?PR?ADC
            CODE    2471H     003CH     UNIT         ?PR?TMR1_CONFIG?TIMER1
            CODE    24ADH     0037H     UNIT         ?PR?_FLASH_PROGRAM?FLASH
            CODE    24E4H     0034H     UNIT         ?PR?RF_RECV_INIT?RF_RECV
            CODE    2518H     0034H     UNIT         ?PR?_FLASH_READ?FLASH
            CODE    254CH     0033H     UNIT         ?PR?PWM
            CODE    257FH     0032H     UNIT         ?PR?SET_DUTY?ADC
            CODE    25B1H     002EH     UNIT         ?PR?_ADC_GET_VAL?ADC
            CODE    25DFH     002EH     UNIT         ?PR?_ADC_GET_FLAG?ADC
            CODE    260DH     002DH     UNIT         ?PR?ADC_PIN_CONFIG?ADC
            CODE    263AH     002AH     UNIT         ?PR?TIME0
            CODE    2664H     0027H     UNIT         ?PR?_ADC_CLEAR_FLAG?ADC
            CODE    268BH     0024H     UNIT         ?PR?MAIN
            CODE    26AFH     0024H     UNIT         ?PR?FAN_CTL?FAN_CTL
            CODE    26D3H     0021H     UNIT         ?PR?KEY_DRIVER
            CODE    26F4H     0021H     UNIT         ?PR?TIMER3_CONFIG?TIMER3
            CODE    2715H     0020H     UNIT         ?PR?TIMER2_CONFIG?TIMER2
            CODE    2735H     0020H     UNIT         ?PR?KNOB_DIMMING
            CODE    2755H     001BH     UNIT         ?PR?TMR0_CONFIG?TIME0
            CODE    2770H     0012H     UNIT         ?PR?ADC_CONFIG?ADC
            CODE    2782H     0012H     UNIT         ?PR?FAN_CTL_CONFIG?FAN_CTL
            CODE    2794H     0011H     UNIT         ?PR?_FLASH_ERASE_SECTOR?FLASH
BL51 BANKED LINKER/LOCATER V6.22.4.0                                                  04/01/2026  17:09:07  PAGE 4


            CODE    27A5H     0010H     UNIT         ?PR?TMR1_DISABLE?TIMER1
            CODE    27B5H     000EH     UNIT         ?PR?PWM_CHANNEL_1_DISABLE?PWM
            CODE    27C3H     000DH     UNIT         ?PR?PWM_CHANNEL_0_ENABLE?PWM
            CODE    27D0H     000DH     UNIT         ?PR?PWM_CHANNEL_1_ENABLE?PWM
            CODE    27DDH     000CH     UNIT         ?PR?GET_PWM_CHANNEL_0_STATUS?PWM
            CODE    27E9H     000CH     UNIT         ?PR?GET_PWM_CHANNEL_1_STATUS?PWM
            CODE    27F5H     000CH     UNIT         ?PR?TMR1_ENABLE?TIMER1
            CODE    2801H     000BH     UNIT         ?PR?_DELAY?SYSTEM
            CODE    280CH     0009H     UNIT         ?PR?_SET_PWM_CHANNEL_0_DUTY?PWM
            CODE    2815H     0009H     UNIT         ?PR?_SET_PWM_CHANNEL_1_DUTY?PWM
            CODE    281EH     0008H     UNIT         ?PR?TIMER1
            CODE    2826H     0007H     UNIT         ?PR?TIMER3



OVERLAY MAP OF MODULE:   .\Release\Objects\Demo (?C_STARTUP)


SEGMENT                                             BIT_GROUP          XDATA_GROUP
  +--> CALLED SEGMENT                            START    LENGTH     START    LENGTH
------------------------------------------------------------------------------------
?C_C51STARTUP                                    -----    -----      -----    -----
  +--> ?PR?MAIN?MAIN
  +--> ?C_INITSEG

?PR?MAIN?MAIN                                    -----    -----      -----    -----
  +--> ?PR?SYSTEM_INIT?SYSTEM
  +--> ?PR?ADC_PIN_CONFIG?ADC
  +--> ?PR?ADC_CONFIG?ADC
  +--> ?PR?TMR0_CONFIG?TIME0
  +--> ?PR?PWM_INIT?PWM
  +--> ?PR?TMR1_CONFIG?TIMER1
  +--> ?PR?TIMER2_CONFIG?TIMER2
  +--> ?PR?TIMER3_CONFIG?TIMER3
  +--> ?PR?RF_RECV_INIT?RF_RECV
  +--> ?PR?FAN_CTL_CONFIG?FAN_CTL
  +--> ?PR?_DELAY_MS?SYSTEM
  +--> ?PR?MAIN
  +--> ?PR?UPDATE_MAX_PWM_DUTY_COEFFICIENT?K...
  +--> ?PR?ADJUST_PWM_DUTY_WHEN_POWER_ON?MAIN
  +--> ?PR?_SET_PWM_CHANNEL_0_DUTY?PWM
  +--> ?PR?_SET_PWM_CHANNEL_1_DUTY?PWM
  +--> ?PR?TEMPERATURE_SCAN?ADC
  +--> ?PR?FAN_SCAN?ADC
  +--> ?PR?SET_DUTY?ADC
  +--> ?PR?_KEY_DRIVER_SCAN?KEY_DRIVER
  +--> ?PR?RF_KEY_HANDLE?RF_RECV
  +--> ?PR?_GET_PWM_CHANNEL_X_ADJUST_DUTY?PWM
  +--> ?PR?FAN_CTL?FAN_CTL

?PR?SYSTEM_INIT?SYSTEM                           -----    -----      -----    -----
  +--> ?PR?_DELAY?SYSTEM
  +--> ?PR?_DELAY_MS?SYSTEM

?PR?_DELAY_MS?SYSTEM                             -----    -----      -----    -----
  +--> ?PR?_DELAY?SYSTEM

BL51 BANKED LINKER/LOCATER V6.22.4.0                                                  04/01/2026  17:09:07  PAGE 5


?PR?ADC_CONFIG?ADC                               -----    -----      -----    -----
  +--> ?PR?_DELAY_MS?SYSTEM

?PR?TMR1_CONFIG?TIMER1                           -----    -----      -----    -----
  +--> ?PR?TIMER1

?PR?RF_RECV_INIT?RF_RECV                         -----    -----      -----    -----
  +--> ?PR?RF_RECV
  +--> ?PR?_FLASH_READ?FLASH

?PR?_FLASH_READ?FLASH                            -----    -----      6321H    0005H

?PR?UPDATE_MAX_PWM_DUTY_COEFFICIENT?K...         -----    -----      -----    -----
  +--> ?PR?_ADC_GET_FLAG?ADC
  +--> ?PR?_ADC_GET_VAL?ADC
  +--> ?PR?_ADC_CLEAR_FLAG?ADC
  +--> ?PR?KNOB_DIMMING

?PR?ADJUST_PWM_DUTY_WHEN_POWER_ON?MAIN           -----    -----      -----    -----
  +--> ?PR?MAIN
  +--> ?PR?_POW?POW

?PR?_POW?POW                                     -----    -----      6321H    000AH
  +--> ?PR?LOG?LOG
  +--> ?PR?EXP?EXP

?PR?LOG?LOG                                      0021H.3  0000H.1    632BH    0004H

?PR?_SET_PWM_CHANNEL_0_DUTY?PWM                  -----    -----      -----    -----
  +--> ?PR?PWM

?PR?_SET_PWM_CHANNEL_1_DUTY?PWM                  -----    -----      -----    -----
  +--> ?PR?PWM

?PR?TEMPERATURE_SCAN?ADC                         -----    -----      -----    -----
  +--> ?PR?_ADC_GET_FLAG?ADC
  +--> ?PR?_ADC_GET_VAL?ADC
  +--> ?PR?_ADC_CLEAR_FLAG?ADC
  +--> ?PR?ADC
  +--> ?PR?TMR1_ENABLE?TIMER1
  +--> ?PR?TMR1_DISABLE?TIMER1

?PR?TMR1_ENABLE?TIMER1                           -----    -----      -----    -----
  +--> ?PR?TIMER1

?PR?TMR1_DISABLE?TIMER1                          -----    -----      -----    -----
  +--> ?PR?TIMER1

?PR?FAN_SCAN?ADC                                 -----    -----      -----    -----
  +--> ?PR?_ADC_GET_FLAG?ADC
  +--> ?PR?_ADC_GET_VAL?ADC
  +--> ?PR?_ADC_CLEAR_FLAG?ADC

?PR?SET_DUTY?ADC                                 -----    -----      -----    -----
  +--> ?PR?ACCORDING_PIN9_TO_ADJUST_PWM?ENGINE

?PR?ACCORDING_PIN9_TO_ADJUST_PWM?ENGINE          -----    -----      6321H    0006H
BL51 BANKED LINKER/LOCATER V6.22.4.0                                                  04/01/2026  17:09:07  PAGE 6


  +--> ?PR?_ADC_GET_FLAG?ADC
  +--> ?PR?_ADC_GET_VAL?ADC
  +--> ?PR?_ADC_CLEAR_FLAG?ADC
  +--> ?PR?ENGINE

?PR?_KEY_DRIVER_SCAN?KEY_DRIVER                  -----    -----      6321H    0002H
  +--> ?PR?KEY_DRIVER

?PR?RF_KEY_HANDLE?RF_RECV                        -----    -----      6321H    0001H
  +--> ?PR?___RF_KEY_GET_EVENT?RF_RECV
  +--> ?PR?_FLASH_ERASE_SECTOR?FLASH
  +--> ?PR?RF_RECV
  +--> ?PR?_FLASH_PROGRAM?FLASH
  +--> ?PR?GET_PWM_CHANNEL_0_STATUS?PWM
  +--> ?PR?GET_PWM_CHANNEL_1_STATUS?PWM

?PR?___RF_KEY_GET_EVENT?RF_RECV                  -----    -----      6322H    0004H
  +--> ?PR?RF_RECV
  +--> ?PR?___SUB_FUN_RF_KEY_GET_EVENT?RF_RECV

?PR?___SUB_FUN_RF_KEY_GET_EVENT?RF_RECV          -----    -----      -----    -----
  +--> ?PR?RF_RECV

?PR?_FLASH_PROGRAM?FLASH                         -----    -----      6322H    0005H

?PR?_GET_PWM_CHANNEL_X_ADJUST_DUTY?PWM           -----    -----      6321H    0004H
  +--> ?PR?PWM

?C_INITSEG                                       -----    -----      -----    -----
  +--> ?PR?RF_KEY_GET_KEY_ID?RF_RECV

?PR?RF_KEY_GET_KEY_ID?RF_RECV                    -----    -----      6321H    0001H
  +--> ?PR?RF_RECV

*** NEW ROOT ***************************************************

?PR?ADC_IRQHANDLER?ADC                           -----    -----      632FH    0002H
  +--> ?PR?ADC
  +--> ?PR?_ADC_UPDATE_VAL?ADC

*** NEW ROOT ***************************************************

?PR?TIMR0_IRQHANDLER?TIME0                       -----    -----      -----    -----
  +--> ?PR?TIME0

*** NEW ROOT ***************************************************

?PR?TIMR2_IRQHANDLER?TIMER2                      -----    -----      -----    -----
  +--> ?PR?TIMER2
  +--> ?PR?_SET_PWM_CHANNEL_0_DUTY?PWM
  +--> ?PR?_SET_PWM_CHANNEL_1_DUTY?PWM
  +--> ?PR?PWM_CHANNEL_0_DISABLE?PWM
  +--> ?PR?PWM_CHANNEL_0_ENABLE?PWM
  +--> ?PR?PWM_CHANNEL_1_DISABLE?PWM
  +--> ?PR?PWM_CHANNEL_1_ENABLE?PWM

*** NEW ROOT ***************************************************
BL51 BANKED LINKER/LOCATER V6.22.4.0                                                  04/01/2026  17:09:07  PAGE 7



?PR?TIMR3_IRQHANDLER?TIMER3                      -----    -----      -----    -----
  +--> ?PR?_ADC_CHANNEL_SEL?ADC
  +--> ?PR?TIMER3

?PR?_ADC_CHANNEL_SEL?ADC                         -----    -----      -----    -----
  +--> ?PR?ADC



SYMBOL TABLE OF MODULE:  .\Release\Objects\Demo (?C_STARTUP)

  VALUE           TYPE          NAME
  ----------------------------------

  -------         MODULE        ?C_STARTUP
  C:2040H         SEGMENT       ?C_C51STARTUP
  I:0022H         SEGMENT       ?STACK
  C:0000H         PUBLIC        ?C_STARTUP
  D:00E0H         SYMBOL        ACC
  D:00F0H         SYMBOL        B
  D:0083H         SYMBOL        DPH
  D:0082H         SYMBOL        DPL
  N:0000H         SYMBOL        IBPSTACK
  N:0100H         SYMBOL        IBPSTACKTOP
  N:0080H         SYMBOL        IDATALEN
  C:2043H         SYMBOL        IDATALOOP
  N:0000H         SYMBOL        PBPSTACK
  N:0100H         SYMBOL        PBPSTACKTOP
  N:0000H         SYMBOL        PDATALEN
  N:0000H         SYMBOL        PDATASTART
  N:0000H         SYMBOL        PPAGE
  N:0000H         SYMBOL        PPAGEENABLE
  D:00A0H         SYMBOL        PPAGE_SFR
  D:0081H         SYMBOL        SP
  C:2040H         SYMBOL        STARTUP1
  N:0000H         SYMBOL        XBPSTACK
  N:0000H         SYMBOL        XBPSTACKTOP
  N:0000H         SYMBOL        XDATALEN
  N:0000H         SYMBOL        XDATASTART
  C:0000H         LINE#         126
  C:2040H         LINE#         133
  C:2042H         LINE#         134
  C:2043H         LINE#         135
  C:2044H         LINE#         136
  C:2046H         LINE#         185
  C:2049H         LINE#         196
  -------         ENDMOD        ?C_STARTUP

  -------         MODULE        SYSTEM
  C:0000H         SYMBOL        _ICE_DUMMY_
  D:00A7H         PUBLIC        FLASH_TIMEREG0
  C:2801H         PUBLIC        _delay
  D:00ACH         PUBLIC        FLASH_TIMEREG1
  C:1CF4H         PUBLIC        system_init
  C:002AH         PUBLIC        _delay_ms
  -------         PROC          _DELAY
BL51 BANKED LINKER/LOCATER V6.22.4.0                                                  04/01/2026  17:09:07  PAGE 8


  D:0006H         SYMBOL        cnt
  C:2801H         LINE#         37
  C:2801H         LINE#         38
  C:2801H         LINE#         39
  C:280BH         LINE#         40
  C:280BH         LINE#         41
  C:280BH         LINE#         42
  -------         ENDPROC       _DELAY
  -------         PROC          _DELAY_MS
  D:0002H         SYMBOL        ms
  C:002AH         LINE#         49
  C:002EH         LINE#         50
  C:002EH         LINE#         51
  C:0038H         LINE#         52
  C:0038H         LINE#         53
  C:003FH         LINE#         54
  C:0041H         LINE#         55
  -------         ENDPROC       _DELAY_MS
  -------         PROC          SYSTEM_INIT
  -------         DO            
  D:0007H         SYMBOL        i
  -------         ENDDO         
  C:1CF4H         LINE#         62
  C:1CF4H         LINE#         63
  C:1CF4H         LINE#         66
  C:1CFBH         LINE#         67
  C:1D08H         LINE#         68
  C:1D0BH         LINE#         69
  C:1D0EH         LINE#         70
  C:1D14H         LINE#         71
  C:1D1AH         LINE#         72
  C:1D20H         LINE#         76
  C:1D22H         LINE#         77
  C:1D22H         LINE#         78
  C:1D2FH         LINE#         79
  C:1D34H         LINE#         81
  C:1DC2H         LINE#         82
  -------         ENDPROC       SYSTEM_INIT
  -------         ENDMOD        SYSTEM

  -------         MODULE        MAIN
  C:0000H         SYMBOL        _ICE_DUMMY_
  C:1812H         PUBLIC        main
  B:0090H.4       PUBLIC        P14
  D:00D9H         PUBLIC        WDT_KEY
  X:634BH         PUBLIC        step
  C:1E6DH         PUBLIC        adjust_pwm_duty_when_power_on
  X:634FH         PUBLIC        mi
  B:0021H.0       PUBLIC        flag_is_in_power_on
  C:268BH         SYMBOL        Com000E
  C:268BH         SYMBOL        L?0015
  C:268BH         SYMBOL        L?0016
  C:2693H         SYMBOL        L?0017
  C:26A1H         SYMBOL        L?0018
  -------         PROC          COM000E
  -------         ENDPROC       COM000E
  -------         PROC          ADJUST_PWM_DUTY_WHEN_POWER_ON
BL51 BANKED LINKER/LOCATER V6.22.4.0                                                  04/01/2026  17:09:07  PAGE 9


  C:1E6DH         LINE#         68
  C:1E6DH         LINE#         69
  C:1E6DH         LINE#         76
  C:1E7AH         LINE#         78
  C:1E7AH         LINE#         79
  C:1EA4H         LINE#         80
  C:1EB9H         LINE#         81
  C:1EE5H         LINE#         82
  C:1EF4H         LINE#         83
  C:1EF4H         LINE#         85
  C:1EFEH         LINE#         87
  C:1EFEH         LINE#         88
  C:1F04H         LINE#         89
  C:1F0AH         LINE#         90
  C:1F0AH         LINE#         95
  -------         ENDPROC       ADJUST_PWM_DUTY_WHEN_POWER_ON
  -------         PROC          MAIN
  C:1812H         LINE#         97
  C:1812H         LINE#         98
  C:1812H         LINE#         100
  C:1815H         LINE#         102
  C:1818H         LINE#         105
  C:181BH         LINE#         106
  C:1822H         LINE#         107
  C:1825H         LINE#         151
  C:1827H         LINE#         153
  C:182AH         LINE#         154
  C:182DH         LINE#         156
  C:1830H         LINE#         157
  C:1833H         LINE#         158
  C:1836H         LINE#         160
  C:1839H         LINE#         161
  C:183CH         LINE#         163
  C:183FH         LINE#         164
  C:1842H         LINE#         165
  C:1849H         LINE#         168
  C:184FH         LINE#         169
  C:1855H         LINE#         170
  C:185BH         LINE#         171
  C:1861H         LINE#         176
  C:1863H         LINE#         177
  C:186AH         LINE#         178
  C:1870H         LINE#         180
  C:1899H         LINE#         182
  C:1899H         LINE#         183
  C:189CH         LINE#         185
  C:189FH         LINE#         186
  C:189FH         LINE#         187
  C:18A1H         LINE#         207
  C:18A1H         LINE#         209
  C:18A4H         LINE#         210
  C:18A4H         LINE#         211
  C:18A6H         LINE#         212
  C:18A9H         LINE#         213
  C:18A9H         LINE#         215
  C:18B4H         LINE#         216
  C:18BFH         LINE#         217
BL51 BANKED LINKER/LOCATER V6.22.4.0                                                  04/01/2026  17:09:07  PAGE 10


  C:18C1H         LINE#         221
  C:18D0H         LINE#         222
  C:18DFH         LINE#         223
  C:18E1H         LINE#         226
  C:18E1H         LINE#         227
  C:18E1H         LINE#         229
  C:18E4H         LINE#         230
  C:18E7H         LINE#         231
  C:18EAH         LINE#         232
  C:18EDH         LINE#         235
  C:18EFH         LINE#         237
  C:18F2H         LINE#         238
  C:18F2H         LINE#         239
  C:18FBH         LINE#         240
  C:18FEH         LINE#         241
  C:18FEH         LINE#         243
  C:18FEH         LINE#         245
  C:1911H         LINE#         246
  C:1924H         LINE#         247
  C:1924H         LINE#         250
  C:1927H         LINE#         254
  -------         ENDPROC       MAIN
  -------         ENDMOD        MAIN

  -------         MODULE        PWM
  C:0000H         SYMBOL        _ICE_DUMMY_
  C:2153H         PUBLIC        _get_pwm_channel_x_adjust_duty
  X:630CH         PUBLIC        expect_adjust_pwm_channel_0_duty
  X:630EH         PUBLIC        expect_adjust_pwm_channel_1_duty
  B:0090H.5       PUBLIC        P15
  B:0090H.6       PUBLIC        P16
  X:6310H         PUBLIC        adjust_pwm_channel_0_duty
  X:6312H         PUBLIC        adjust_pwm_channel_1_duty
  X:6314H         PUBLIC        limited_pwm_duty_due_to_temp
  C:27DDH         PUBLIC        get_pwm_channel_0_status
  C:27E9H         PUBLIC        get_pwm_channel_1_status
  X:6316H         PUBLIC        limited_pwm_duty_due_to_unstable_engine
  C:000FH         PUBLIC        pwm_channel_0_disable
  C:27B5H         PUBLIC        pwm_channel_1_disable
  X:6318H         PUBLIC        flag_is_time_to_limit_pwm
  C:1DC3H         PUBLIC        pwm_init
  C:27C3H         PUBLIC        pwm_channel_0_enable
  C:27D0H         PUBLIC        pwm_channel_1_enable
  X:6319H         PUBLIC        limited_pwm_duty_due_to_fan_err
  X:631BH         PUBLIC        limit_pwm_duty_val_by_time
  X:631DH         PUBLIC        cur_pwm_channel_0_duty
  X:631FH         PUBLIC        cur_pwm_channel_1_duty
  C:280CH         PUBLIC        _set_pwm_channel_0_duty
  C:2815H         PUBLIC        _set_pwm_channel_1_duty
  C:254CH         SYMBOL        Com0013
  C:254CH         SYMBOL        L?0020
  C:254CH         SYMBOL        L?0021
  C:255DH         SYMBOL        L?0022
  C:255DH         SYMBOL        L?0023
  C:2562H         SYMBOL        L?0024
  C:256AH         SYMBOL        L?0025
  C:2575H         SYMBOL        L?0026
BL51 BANKED LINKER/LOCATER V6.22.4.0                                                  04/01/2026  17:09:07  PAGE 11


  -------         PROC          COM0013
  -------         ENDPROC       COM0013
  -------         PROC          PWM_INIT
  C:1DC3H         LINE#         24
  C:1DC3H         LINE#         25
  C:1DC3H         LINE#         26
  C:1DC9H         LINE#         28
  C:1DCEH         LINE#         29
  C:1DD3H         LINE#         30
  C:1DD7H         LINE#         31
  C:1DDBH         LINE#         32
  C:1DDDH         LINE#         33
  C:1DE3H         LINE#         35
  C:1DE9H         LINE#         36
  C:1DEFH         LINE#         37
  C:1DF5H         LINE#         38
  C:1DFBH         LINE#         39
  C:1E01H         LINE#         41
  C:1E07H         LINE#         42
  C:1E0BH         LINE#         43
  C:1E0FH         LINE#         44
  C:1E13H         LINE#         45
  C:1E18H         LINE#         46
  C:1E1EH         LINE#         49
  C:1E24H         LINE#         50
  C:1E29H         LINE#         51
  C:1E2EH         LINE#         52
  C:1E32H         LINE#         53
  C:1E36H         LINE#         54
  C:1E38H         LINE#         55
  C:1E3EH         LINE#         57
  C:1E44H         LINE#         58
  C:1E4AH         LINE#         59
  C:1E50H         LINE#         60
  C:1E56H         LINE#         61
  C:1E5CH         LINE#         68
  C:1E62H         LINE#         69
  C:1E66H         LINE#         70
  C:1E6CH         LINE#         72
  -------         ENDPROC       PWM_INIT
  -------         PROC          _SET_PWM_CHANNEL_0_DUTY
  D:0004H         SYMBOL        channel_duty
  C:280CH         LINE#         75
  C:280CH         LINE#         76
  C:280CH         LINE#         77
  C:280EH         LINE#         78
  C:280EH         LINE#         79
  C:2814H         LINE#         80
  -------         ENDPROC       _SET_PWM_CHANNEL_0_DUTY
  -------         PROC          _SET_PWM_CHANNEL_1_DUTY
  D:0004H         SYMBOL        channel_duty
  C:2815H         LINE#         83
  C:2815H         LINE#         84
  C:2815H         LINE#         85
  C:2817H         LINE#         86
  C:2817H         LINE#         87
  C:281DH         LINE#         88
BL51 BANKED LINKER/LOCATER V6.22.4.0                                                  04/01/2026  17:09:07  PAGE 12


  -------         ENDPROC       _SET_PWM_CHANNEL_1_DUTY
  -------         PROC          GET_PWM_CHANNEL_0_STATUS
  C:27DDH         LINE#         109
  C:27DDH         LINE#         110
  C:27DDH         LINE#         111
  C:27E3H         LINE#         112
  C:27E3H         LINE#         113
  C:27E6H         LINE#         114
  C:27E6H         LINE#         116
  C:27E6H         LINE#         117
  C:27E8H         LINE#         118
  C:27E8H         LINE#         119
  -------         ENDPROC       GET_PWM_CHANNEL_0_STATUS
  -------         PROC          GET_PWM_CHANNEL_1_STATUS
  C:27E9H         LINE#         126
  C:27E9H         LINE#         127
  C:27E9H         LINE#         128
  C:27EFH         LINE#         129
  C:27EFH         LINE#         130
  C:27F2H         LINE#         131
  C:27F2H         LINE#         133
  C:27F2H         LINE#         134
  C:27F4H         LINE#         135
  C:27F4H         LINE#         136
  -------         ENDPROC       GET_PWM_CHANNEL_1_STATUS
  -------         PROC          PWM_CHANNEL_0_ENABLE
  C:27C3H         LINE#         138
  C:27C3H         LINE#         139
  C:27C3H         LINE#         141
  C:27C9H         LINE#         142
  C:27CFH         LINE#         143
  -------         ENDPROC       PWM_CHANNEL_0_ENABLE
  -------         PROC          PWM_CHANNEL_0_DISABLE
  C:000FH         LINE#         145
  C:000FH         LINE#         146
  C:000FH         LINE#         148
  C:0015H         LINE#         149
  C:001AH         LINE#         150
  C:001CH         LINE#         151
  -------         ENDPROC       PWM_CHANNEL_0_DISABLE
  -------         PROC          PWM_CHANNEL_1_ENABLE
  C:27D0H         LINE#         153
  C:27D0H         LINE#         154
  C:27D0H         LINE#         156
  C:27D6H         LINE#         161
  C:27DCH         LINE#         163
  -------         ENDPROC       PWM_CHANNEL_1_ENABLE
  -------         PROC          PWM_CHANNEL_1_DISABLE
  C:27B5H         LINE#         165
  C:27B5H         LINE#         166
  C:27B5H         LINE#         168
  C:27BBH         LINE#         174
  C:27C0H         LINE#         175
  C:27C2H         LINE#         177
  -------         ENDPROC       PWM_CHANNEL_1_DISABLE
  -------         PROC          _GET_PWM_CHANNEL_X_ADJUST_DUTY
  D:0006H         SYMBOL        pwm_adjust_duty
BL51 BANKED LINKER/LOCATER V6.22.4.0                                                  04/01/2026  17:09:07  PAGE 13


  -------         DO            
  X:6321H         SYMBOL        tmp_pwm_duty
  X:6323H         SYMBOL        limited_pwm_duty_due_to_schedule
  -------         ENDDO         
  C:2153H         LINE#         190
  C:2153H         LINE#         191
  C:2153H         LINE#         194
  C:215AH         LINE#         195
  C:2164H         LINE#         197
  C:216AH         LINE#         198
  C:216AH         LINE#         204
  C:2179H         LINE#         205
  C:2179H         LINE#         207
  C:21A4H         LINE#         212
  C:21ACH         LINE#         213
  C:21ACH         LINE#         214
  C:21B2H         LINE#         215
  C:21B2H         LINE#         218
  C:21BAH         LINE#         219
  C:21BAH         LINE#         220
  C:21C0H         LINE#         221
  C:21C0H         LINE#         224
  C:21C8H         LINE#         225
  C:21C8H         LINE#         226
  C:21CEH         LINE#         227
  C:21CEH         LINE#         229
  C:21D6H         LINE#         230
  -------         ENDPROC       _GET_PWM_CHANNEL_X_ADJUST_DUTY
  -------         ENDMOD        PWM

  -------         MODULE        ADC
  C:0000H         SYMBOL        _ICE_DUMMY_
  X:62DCH         SYMBOL        adc_val_from_temp
  C:2770H         PUBLIC        adc_config
  C:235CH         PUBLIC        _adc_channel_sel
  C:2664H         PUBLIC        _adc_clear_flag
  X:62DEH         PUBLIC        adc_engine_val_buff_index
  C:260DH         PUBLIC        adc_pin_config
  X:62DFH         PUBLIC        adc_engine_val_buff
  X:62FFH         SYMBOL        flag_is_adc_val_engine_updated
  C:23A5H         PUBLIC        _adc_update_val
  D:0099H         PUBLIC        ADC_CHS0
  D:0093H         PUBLIC        ADC_DATAH0
  C:22B1H         PUBLIC        fan_scan
  C:1C20H         PUBLIC        temperature_scan
  D:00A8H         PUBLIC        IE0
  D:00A9H         PUBLIC        IE1
  X:6300H         SYMBOL        adc_val_from_engine
  D:00AAH         PUBLIC        IE2
  X:6302H         PUBLIC        temp_status
  D:0094H         PUBLIC        ADC_DATAL0
  D:00ABH         PUBLIC        IE3
  C:25DFH         PUBLIC        _adc_get_flag
  D:00B8H         PUBLIC        IP0
  D:00B1H         PUBLIC        IP1
  D:00B2H         PUBLIC        IP2
  D:00B3H         PUBLIC        IP3
BL51 BANKED LINKER/LOCATER V6.22.4.0                                                  04/01/2026  17:09:07  PAGE 14


  D:00B4H         PUBLIC        IP4
  D:00B5H         PUBLIC        IP5
  D:00B6H         PUBLIC        IP6
  B:0020H.1       PUBLIC        flag_tim_scan_fan_is_err
  D:00B7H         PUBLIC        IP7
  C:15B5H         PUBLIC        ADC_IRQHandler
  X:6303H         PUBLIC        cur_adc_status
  X:6304H         SYMBOL        flag_is_adc_val_knob_updated
  X:6305H         PUBLIC        cur_fan_status
  X:6306H         SYMBOL        flag_is_adc_val_fan_updated
  X:6307H         SYMBOL        flag_is_adc_val_temp_updated
  C:25B1H         PUBLIC        _adc_get_val
  X:6308H         SYMBOL        adc_val_from_knob
  B:00A8H.7       PUBLIC        IE_EA
  C:257FH         PUBLIC        set_duty
  X:630AH         SYMBOL        adc_val_from_fan
  C:2431H         SYMBOL        Com0087
  C:2431H         SYMBOL        L?0136
  C:2437H         SYMBOL        L?0137
  C:243BH         SYMBOL        L?0138
  C:2443H         SYMBOL        L?0139
  C:244AH         SYMBOL        L?0140
  C:2453H         SYMBOL        L?0141
  C:2453H         SYMBOL        L?0142
  C:245CH         SYMBOL        L?0143
  C:2469H         SYMBOL        L?0144
  C:2469H         SYMBOL        L?0145
  -------         PROC          COM0087
  -------         ENDPROC       COM0087
  -------         PROC          ADC_PIN_CONFIG
  C:260DH         LINE#         26
  C:260DH         LINE#         27
  C:260DH         LINE#         29
  C:2613H         LINE#         32
  C:2619H         LINE#         35
  C:261FH         LINE#         36
  C:2624H         LINE#         37
  C:2629H         LINE#         40
  C:262FH         LINE#         41
  C:2634H         LINE#         42
  C:2639H         LINE#         43
  -------         ENDPROC       ADC_PIN_CONFIG
  -------         PROC          ADC_CONFIG
  C:2770H         LINE#         45
  C:2770H         LINE#         46
  C:2770H         LINE#         47
  C:2773H         LINE#         48
  C:2775H         LINE#         49
  C:277BH         LINE#         51
  -------         ENDPROC       ADC_CONFIG
  -------         PROC          _ADC_CHANNEL_SEL
  D:0007H         SYMBOL        adc_sel_pin
  C:235CH         LINE#         54
  C:235CH         LINE#         55
  C:235CH         LINE#         56
  C:235FH         LINE#         57
  C:2361H         LINE#         59
BL51 BANKED LINKER/LOCATER V6.22.4.0                                                  04/01/2026  17:09:07  PAGE 15


  C:2370H         LINE#         60
  C:2370H         LINE#         61
  C:2370H         LINE#         62
  C:2370H         LINE#         64
  C:2377H         LINE#         65
  C:237AH         LINE#         67
  C:237DH         LINE#         70
  C:2380H         LINE#         72
  C:2380H         LINE#         73
  C:2382H         LINE#         75
  C:2382H         LINE#         76
  C:2382H         LINE#         77
  C:2382H         LINE#         78
  C:2382H         LINE#         80
  C:2385H         LINE#         83
  C:2388H         LINE#         85
  C:2388H         LINE#         86
  C:238AH         LINE#         88
  C:238AH         LINE#         89
  C:238AH         LINE#         90
  C:238AH         LINE#         91
  C:238AH         LINE#         93
  C:238DH         LINE#         97
  C:2390H         LINE#         99
  C:2390H         LINE#         100
  C:2392H         LINE#         102
  C:2392H         LINE#         103
  C:2392H         LINE#         104
  C:2398H         LINE#         105
  C:2398H         LINE#         107
  C:239BH         LINE#         111
  C:239EH         LINE#         113
  C:239EH         LINE#         114
  C:239EH         LINE#         116
  C:239EH         LINE#         117
  C:239EH         LINE#         118
  C:239EH         LINE#         120
  C:23A4H         LINE#         122
  -------         ENDPROC       _ADC_CHANNEL_SEL
  -------         PROC          _ADC_UPDATE_VAL
  D:0007H         SYMBOL        adc_sel_pin
  D:0004H         SYMBOL        adc_val
  C:23A5H         LINE#         125
  C:23A5H         LINE#         126
  C:23A5H         LINE#         127
  C:23B4H         LINE#         128
  C:23B4H         LINE#         129
  C:23B4H         LINE#         130
  C:23BCH         LINE#         131
  C:23BFH         LINE#         132
  C:23C1H         LINE#         133
  C:23C1H         LINE#         134
  C:23C9H         LINE#         135
  C:23CCH         LINE#         136
  C:23CEH         LINE#         137
  C:23CEH         LINE#         138
  C:23D6H         LINE#         139
BL51 BANKED LINKER/LOCATER V6.22.4.0                                                  04/01/2026  17:09:07  PAGE 16


  C:23D9H         LINE#         140
  C:23DBH         LINE#         141
  C:23DBH         LINE#         142
  C:23E5H         LINE#         143
  C:23EBH         LINE#         144
  C:23EBH         LINE#         146
  C:23EBH         LINE#         147
  C:23EBH         LINE#         148
  C:23EBH         LINE#         149
  -------         ENDPROC       _ADC_UPDATE_VAL
  -------         PROC          _ADC_GET_VAL
  D:0007H         SYMBOL        adc_sel_pin
  -------         DO            
  D:0004H         SYMBOL        ret
  -------         ENDDO         
  C:25B1H         LINE#         151
  C:25B1H         LINE#         152
  C:25B1H         LINE#         153
  C:25B4H         LINE#         154
  C:25C3H         LINE#         155
  C:25C3H         LINE#         156
  C:25C3H         LINE#         157
  C:25C6H         LINE#         158
  C:25C8H         LINE#         159
  C:25C8H         LINE#         160
  C:25CBH         LINE#         161
  C:25CDH         LINE#         162
  C:25CDH         LINE#         163
  C:25D0H         LINE#         164
  C:25D2H         LINE#         165
  C:25D2H         LINE#         166
  C:25DAH         LINE#         167
  C:25DAH         LINE#         168
  C:25DAH         LINE#         169
  C:25DAH         LINE#         170
  C:25DAH         LINE#         172
  C:25DEH         LINE#         173
  -------         ENDPROC       _ADC_GET_VAL
  -------         PROC          _ADC_GET_FLAG
  D:0007H         SYMBOL        adc_sel_pin
  -------         DO            
  D:0006H         SYMBOL        ret
  -------         ENDDO         
  C:25DFH         LINE#         176
  C:25DFH         LINE#         177
  C:25DFH         LINE#         178
  C:25E1H         LINE#         179
  C:25F0H         LINE#         180
  C:25F0H         LINE#         181
  C:25F0H         LINE#         182
  C:25F5H         LINE#         183
  C:25F7H         LINE#         184
  C:25F7H         LINE#         185
  C:25FCH         LINE#         186
  C:25FEH         LINE#         187
  C:25FEH         LINE#         188
  C:2603H         LINE#         189
BL51 BANKED LINKER/LOCATER V6.22.4.0                                                  04/01/2026  17:09:07  PAGE 17


  C:2605H         LINE#         190
  C:2605H         LINE#         191
  C:260AH         LINE#         192
  C:260AH         LINE#         193
  C:260AH         LINE#         194
  C:260AH         LINE#         195
  C:260AH         LINE#         197
  C:260CH         LINE#         198
  -------         ENDPROC       _ADC_GET_FLAG
  -------         PROC          _ADC_CLEAR_FLAG
  D:0007H         SYMBOL        adc_sel_pin
  C:2664H         LINE#         200
  C:2664H         LINE#         201
  C:2664H         LINE#         202
  C:2673H         LINE#         203
  C:2673H         LINE#         204
  C:2673H         LINE#         205
  C:2678H         LINE#         206
  C:2679H         LINE#         207
  C:2679H         LINE#         208
  C:267EH         LINE#         209
  C:267FH         LINE#         210
  C:267FH         LINE#         211
  C:2684H         LINE#         212
  C:2685H         LINE#         213
  C:2685H         LINE#         214
  C:268AH         LINE#         215
  C:268AH         LINE#         216
  C:268AH         LINE#         217
  -------         ENDPROC       _ADC_CLEAR_FLAG
  -------         PROC          TEMPERATURE_SCAN
  -------         DO            
  X:62CDH         SYMBOL        voltage
  -------         DO            
  X:62CAH         SYMBOL        cnt
  X:62CBH         SYMBOL        cnt
  -------         ENDDO         
  -------         DO            
  X:62CBH         SYMBOL        cnt
  -------         ENDDO         
  -------         DO            
  B:0020H.0       SYMBOL        tmr1_is_open
  -------         DO            
  X:62CCH         SYMBOL        cnt
  -------         ENDDO         
  -------         ENDDO         
  -------         ENDDO         
  C:1C20H         LINE#         220
  C:1C20H         LINE#         221
  C:1C20H         LINE#         225
  C:1C2BH         LINE#         226
  C:1C2BH         LINE#         228
  C:1C2BH         LINE#         230
  C:1C2BH         LINE#         233
  C:1C31H         LINE#         234
  C:1C3AH         LINE#         235
  C:1C3AH         LINE#         237
BL51 BANKED LINKER/LOCATER V6.22.4.0                                                  04/01/2026  17:09:07  PAGE 18


  C:1C3AH         LINE#         239
  C:1C3CH         LINE#         240
  C:1C3CH         LINE#         242
  C:1C44H         LINE#         243
  C:1C44H         LINE#         244
  C:1C5FH         LINE#         245
  C:1C64H         LINE#         246
  C:1C64H         LINE#         253
  C:1C6AH         LINE#         254
  C:1C6AH         LINE#         257
  C:1C6FH         LINE#         258
  C:1C6FH         LINE#         259
  C:1C75H         LINE#         260
  C:1C77H         LINE#         262
  C:1C77H         LINE#         263
  C:1C7CH         LINE#         264
  C:1C7CH         LINE#         266
  C:1C86H         LINE#         267
  C:1C86H         LINE#         268
  C:1C87H         LINE#         270
  C:1C8CH         LINE#         271
  C:1C8DH         LINE#         273
  C:1C8DH         LINE#         274
  C:1C91H         LINE#         275
  C:1C92H         LINE#         278
  C:1C92H         LINE#         279
  C:1C9AH         LINE#         280
  C:1C9AH         LINE#         284
  C:1C9DH         LINE#         285
  C:1C9DH         LINE#         286
  C:1C9FH         LINE#         287
  C:1CA9H         LINE#         288
  C:1CACH         LINE#         289
  C:1CACH         LINE#         292
  C:1CB9H         LINE#         293
  C:1CB9H         LINE#         296
  C:1CBFH         LINE#         297
  C:1CBFH         LINE#         298
  C:1CC5H         LINE#         299
  C:1CC7H         LINE#         301
  C:1CC7H         LINE#         302
  C:1CCCH         LINE#         303
  C:1CCCH         LINE#         305
  C:1CD5H         LINE#         306
  C:1CD5H         LINE#         307
  C:1CD7H         LINE#         308
  C:1CDDH         LINE#         309
  C:1CE0H         LINE#         310
  C:1CEAH         LINE#         311
  C:1CECH         LINE#         312
  C:1CEDH         LINE#         314
  C:1CEDH         LINE#         315
  C:1CF3H         LINE#         316
  C:1CF3H         LINE#         319
  C:1CF3H         LINE#         320
  C:1CF3H         LINE#         321
  -------         ENDPROC       TEMPERATURE_SCAN
BL51 BANKED LINKER/LOCATER V6.22.4.0                                                  04/01/2026  17:09:07  PAGE 19


  -------         PROC          SET_DUTY
  C:257FH         LINE#         324
  C:257FH         LINE#         325
  C:257FH         LINE#         327
  C:2585H         LINE#         328
  C:2585H         LINE#         329
  C:2588H         LINE#         330
  C:2588H         LINE#         331
  C:258AH         LINE#         332
  C:258DH         LINE#         333
  C:258DH         LINE#         334
  C:258DH         LINE#         335
  C:2594H         LINE#         336
  C:2594H         LINE#         337
  C:259EH         LINE#         338
  C:259FH         LINE#         339
  C:25A6H         LINE#         340
  C:25A6H         LINE#         341
  C:25B0H         LINE#         342
  C:25B0H         LINE#         343
  -------         ENDPROC       SET_DUTY
  -------         PROC          FAN_SCAN
  -------         DO            
  X:62D1H         SYMBOL        adc_val
  -------         ENDDO         
  C:22B1H         LINE#         345
  C:22B1H         LINE#         346
  C:22B1H         LINE#         348
  C:22B9H         LINE#         349
  C:22B9H         LINE#         350
  C:22C6H         LINE#         351
  C:22CBH         LINE#         352
  C:22CBH         LINE#         358
  C:22D1H         LINE#         359
  C:22D1H         LINE#         360
  C:22E0H         LINE#         361
  C:22E0H         LINE#         362
  C:22E2H         LINE#         363
  C:22E4H         LINE#         365
  C:22E4H         LINE#         367
  C:22E6H         LINE#         368
  C:22E6H         LINE#         371
  C:22F0H         LINE#         372
  C:22F1H         LINE#         374
  C:22F1H         LINE#         376
  C:2300H         LINE#         377
  C:2300H         LINE#         378
  C:2302H         LINE#         379
  C:2302H         LINE#         382
  C:230CH         LINE#         383
  C:230CH         LINE#         384
  -------         ENDPROC       FAN_SCAN
  -------         PROC          ADC_IRQHANDLER
  -------         DO            
  X:632FH         SYMBOL        adc_val
  -------         DO            
  X:62D3H         SYMBOL        i
BL51 BANKED LINKER/LOCATER V6.22.4.0                                                  04/01/2026  17:09:07  PAGE 20


  X:62D4H         SYMBOL        g_tmpbuff
  X:62D8H         SYMBOL        g_adcmax
  X:62DAH         SYMBOL        g_adcmin
  -------         ENDDO         
  -------         ENDDO         
  C:15B5H         LINE#         386
  C:15D2H         LINE#         389
  C:15D2H         LINE#         393
  C:15DBH         LINE#         394
  C:15DBH         LINE#         395
  C:15F5H         LINE#         396
  C:15F9H         LINE#         398
  C:1604H         LINE#         399
  C:1604H         LINE#         407
  C:1609H         LINE#         408
  C:1609H         LINE#         409
  C:160CH         LINE#         411
  C:1612H         LINE#         412
  C:1612H         LINE#         413
  C:161EH         LINE#         414
  C:162AH         LINE#         415
  C:1636H         LINE#         416
  C:1642H         LINE#         417
  C:165CH         LINE#         418
  C:165CH         LINE#         420
  C:1661H         LINE#         421
  C:1667H         LINE#         422
  C:1667H         LINE#         424
  C:166CH         LINE#         425
  C:166CH         LINE#         426
  C:167EH         LINE#         427
  C:1684H         LINE#         430
  C:1689H         LINE#         431
  C:168FH         LINE#         432
  C:1697H         LINE#         433
  C:16A1H         LINE#         435
  C:16A1H         LINE#         436
  C:16A3H         LINE#         437
  C:16AAH         LINE#         438
  C:16AAH         LINE#         440
  C:16AFH         LINE#         442
  C:16B1H         LINE#         443
  C:16B8H         LINE#         444
  C:16B8H         LINE#         446
  C:16BDH         LINE#         448
  C:16BFH         LINE#         449
  C:16C6H         LINE#         450
  C:16C6H         LINE#         452
  C:16CEH         LINE#         454
  C:16CEH         LINE#         455
  C:16CEH         LINE#         458
  C:16CEH         LINE#         459
  -------         ENDPROC       ADC_IRQHANDLER
  -------         ENDMOD        ADC

  -------         MODULE        TIME0
  C:0000H         SYMBOL        _ICE_DUMMY_
BL51 BANKED LINKER/LOCATER V6.22.4.0                                                  04/01/2026  17:09:07  PAGE 21


  C:147CH         PUBLIC        TIMR0_IRQHandler
  X:634AH         SYMBOL        cnt_during_power_on
  D:00D1H         PUBLIC        TMR_ALLCON
  D:00A8H         PUBLIC        IE0
  D:00A9H         PUBLIC        IE1
  D:00AAH         PUBLIC        IE2
  D:00ABH         PUBLIC        IE3
  D:00B8H         PUBLIC        IP0
  D:00B1H         PUBLIC        IP1
  D:00B2H         PUBLIC        IP2
  D:00B3H         PUBLIC        IP3
  D:00B4H         PUBLIC        IP4
  D:00B5H         PUBLIC        IP5
  D:00B6H         PUBLIC        IP6
  D:00B7H         PUBLIC        IP7
  C:2755H         PUBLIC        tmr0_config
  B:0021H.1       PUBLIC        flag_time_comes_during_power_on
  B:00A8H.7       PUBLIC        IE_EA
  C:263AH         SYMBOL        Com0034
  C:263AH         SYMBOL        L?0053
  C:2653H         SYMBOL        L?0054
  C:2653H         SYMBOL        L?0055
  C:265AH         SYMBOL        L?0056
  -------         PROC          COM0034
  -------         ENDPROC       COM0034
  -------         PROC          TMR0_CONFIG
  C:2755H         LINE#         12
  C:2755H         LINE#         13
  C:2755H         LINE#         14
  C:2758H         LINE#         15
  C:275AH         LINE#         19
  C:275DH         LINE#         20
  C:2762H         LINE#         21
  C:2766H         LINE#         22
  C:276BH         LINE#         23
  C:276FH         LINE#         24
  -------         ENDPROC       TMR0_CONFIG
  -------         PROC          TIMR0_IRQHANDLER
  -------         DO            
  X:6340H         SYMBOL        rf_learn_cnt
  X:6342H         SYMBOL        fan_normal_cnt
  X:6344H         SYMBOL        fan_err_cnt
  X:6346H         SYMBOL        cnt
  -------         ENDDO         
  -------         DO            
  X:6342H         SYMBOL        fan_normal_cnt
  X:6344H         SYMBOL        fan_err_cnt
  X:6346H         SYMBOL        cnt
  -------         ENDDO         
  -------         DO            
  X:6346H         SYMBOL        cnt
  -------         ENDDO         
  C:147CH         LINE#         57
  C:1499H         LINE#         60
  C:1499H         LINE#         65
  C:14A2H         LINE#         66
  C:14A2H         LINE#         67
BL51 BANKED LINKER/LOCATER V6.22.4.0                                                  04/01/2026  17:09:07  PAGE 22


  C:14A6H         LINE#         70
  C:14ACH         LINE#         78
  C:14B2H         LINE#         79
  C:14B2H         LINE#         80
  C:14B4H         LINE#         81
  C:14B6H         LINE#         82
  C:14B6H         LINE#         84
  C:14BFH         LINE#         85
  C:14BFH         LINE#         86
  C:14C2H         LINE#         87
  C:14C2H         LINE#         89
  C:14C2H         LINE#         92
  C:14CBH         LINE#         93
  C:14CBH         LINE#         94
  C:14D1H         LINE#         95
  C:14E0H         LINE#         96
  C:14E0H         LINE#         97
  C:14E4H         LINE#         98
  C:14E8H         LINE#         99
  C:14E8H         LINE#         100
  C:14EAH         LINE#         102
  C:14EAH         LINE#         103
  C:14F1H         LINE#         104
  C:14F1H         LINE#         105
  C:14F1H         LINE#         107
  C:14F1H         LINE#         111
  C:14F4H         LINE#         112
  C:14F4H         LINE#         113
  C:14FAH         LINE#         114
  C:1501H         LINE#         116
  C:1510H         LINE#         117
  C:1510H         LINE#         118
  C:1514H         LINE#         119
  C:1519H         LINE#         120
  C:1519H         LINE#         121
  C:151BH         LINE#         123
  C:151BH         LINE#         124
  C:1521H         LINE#         125
  C:1528H         LINE#         127
  C:1537H         LINE#         128
  C:1537H         LINE#         129
  C:153BH         LINE#         130
  C:153FH         LINE#         131
  C:153FH         LINE#         132
  C:153FH         LINE#         133
  C:153FH         LINE#         135
  C:153FH         LINE#         137
  C:1545H         LINE#         138
  C:1545H         LINE#         143
  C:1548H         LINE#         144
  C:1555H         LINE#         145
  C:1555H         LINE#         146
  C:155FH         LINE#         147
  C:1565H         LINE#         148
  C:1565H         LINE#         149
  C:1565H         LINE#         151
  C:156BH         LINE#         152
BL51 BANKED LINKER/LOCATER V6.22.4.0                                                  04/01/2026  17:09:07  PAGE 23


  C:156BH         LINE#         153
  C:156EH         LINE#         155
  C:157AH         LINE#         156
  C:157AH         LINE#         157
  C:1584H         LINE#         158
  C:1593H         LINE#         159
  C:1593H         LINE#         160
  C:159AH         LINE#         161
  C:159AH         LINE#         162
  C:159AH         LINE#         163
  C:159AH         LINE#         164
  C:159AH         LINE#         165
  C:159AH         LINE#         168
  C:159AH         LINE#         169
  -------         ENDPROC       TIMR0_IRQHANDLER
  -------         ENDMOD        TIME0

  -------         MODULE        DEBUG
  C:0000H         SYMBOL        _ICE_DUMMY_
  -------         ENDMOD        DEBUG

  -------         MODULE        TIMER1
  C:0000H         SYMBOL        _ICE_DUMMY_
  C:230DH         PUBLIC        TIMR1_IRQHandler
  X:6353H         PUBLIC        tmr1_cnt
  D:00A8H         PUBLIC        IE0
  C:27A5H         PUBLIC        tmr1_disable
  D:00A9H         PUBLIC        IE1
  D:00AAH         PUBLIC        IE2
  D:00ABH         PUBLIC        IE3
  D:00B8H         PUBLIC        IP0
  D:00B1H         PUBLIC        IP1
  D:00B2H         PUBLIC        IP2
  D:00B3H         PUBLIC        IP3
  D:00B4H         PUBLIC        IP4
  D:00B5H         PUBLIC        IP5
  D:00B6H         PUBLIC        IP6
  D:00B7H         PUBLIC        IP7
  C:27F5H         PUBLIC        tmr1_enable
  C:2471H         PUBLIC        tmr1_config
  B:00A8H.7       PUBLIC        IE_EA
  C:281EH         SYMBOL        Com004E
  C:281EH         SYMBOL        L?0079
  C:281EH         SYMBOL        L?0080
  -------         PROC          COM004E
  -------         ENDPROC       COM004E
  -------         PROC          TMR1_CONFIG
  C:2471H         LINE#         11
  C:2471H         LINE#         12
  C:2471H         LINE#         13
  C:2477H         LINE#         15
  C:247DH         LINE#         18
  C:2481H         LINE#         19
  C:2485H         LINE#         20
  C:2489H         LINE#         22
  C:248EH         LINE#         23
  C:2492H         LINE#         26
BL51 BANKED LINKER/LOCATER V6.22.4.0                                                  04/01/2026  17:09:07  PAGE 24


  C:2497H         LINE#         27
  C:249BH         LINE#         30
  C:249FH         LINE#         31
  C:24A1H         LINE#         33
  C:24A1H         LINE#         35
  C:24A7H         LINE#         38
  C:24AAH         LINE#         39
  C:24ACH         LINE#         40
  -------         ENDPROC       TMR1_CONFIG
  -------         PROC          TMR1_ENABLE
  C:27F5H         LINE#         45
  C:27F5H         LINE#         46
  C:27F5H         LINE#         48
  C:27F5H         LINE#         49
  C:27FBH         LINE#         51
  C:27FEH         LINE#         52
  C:2800H         LINE#         53
  -------         ENDPROC       TMR1_ENABLE
  -------         PROC          TMR1_DISABLE
  C:27A5H         LINE#         58
  C:27A5H         LINE#         59
  C:27A5H         LINE#         61
  C:27A5H         LINE#         62
  C:27ABH         LINE#         65
  C:27AFH         LINE#         66
  C:27B1H         LINE#         68
  C:27B4H         LINE#         69
  -------         ENDPROC       TMR1_DISABLE
  -------         PROC          TIMR1_IRQHANDLER
  C:230DH         LINE#         72
  C:2324H         LINE#         75
  C:2324H         LINE#         80
  C:232AH         LINE#         81
  C:232AH         LINE#         82
  C:232EH         LINE#         86
  C:2347H         LINE#         87
  C:2347H         LINE#         90
  C:2347H         LINE#         91
  -------         ENDPROC       TIMR1_IRQHANDLER
  -------         ENDMOD        TIMER1

  -------         MODULE        TIMER2
  C:0000H         SYMBOL        _ICE_DUMMY_
  C:0D65H         PUBLIC        TIMR2_IRQHandler
  D:00D1H         PUBLIC        TMR_ALLCON
  B:0020H.2       PUBLIC        flag_is_pwm_add_time_comes
  X:633AH         SYMBOL        pwm_duty_add_cnt
  C:2715H         PUBLIC        timer2_config
  B:0080H.3       PUBLIC        P03
  D:00A8H         PUBLIC        IE0
  D:00A9H         PUBLIC        IE1
  D:00AAH         PUBLIC        IE2
  D:00ABH         PUBLIC        IE3
  B:0020H.3       PUBLIC        flag_is_pwm_sub_time_comes
  D:00B8H         PUBLIC        IP0
  D:00B1H         PUBLIC        IP1
  D:00B2H         PUBLIC        IP2
BL51 BANKED LINKER/LOCATER V6.22.4.0                                                  04/01/2026  17:09:07  PAGE 25


  D:00B3H         PUBLIC        IP3
  D:00B4H         PUBLIC        IP4
  D:00B5H         PUBLIC        IP5
  D:00B6H         PUBLIC        IP6
  D:00B7H         PUBLIC        IP7
  X:633CH         SYMBOL        pwm_duty_sub_cnt
  X:633EH         SYMBOL        pwm_duty_change_cnt
  B:00A8H.7       PUBLIC        IE_EA
  C:2252H         SYMBOL        Com004A
  C:2252H         SYMBOL        L?0075
  C:225BH         SYMBOL        L?0076
  C:225DH         SYMBOL        L?0077
  C:2263H         SYMBOL        L?0078
  C:2263H         SYMBOL        L?0079
  C:226CH         SYMBOL        L?0080
  C:226CH         SYMBOL        L?0081
  C:2275H         SYMBOL        L?0082
  C:2275H         SYMBOL        L?0083
  C:227EH         SYMBOL        L?0084
  C:227EH         SYMBOL        L?0085
  C:2285H         SYMBOL        L?0086
  C:2291H         SYMBOL        L?0087
  C:229CH         SYMBOL        L?0088
  C:22A7H         SYMBOL        L?0089
  -------         PROC          COM004A
  -------         ENDPROC       COM004A
  -------         PROC          TIMER2_CONFIG
  C:2715H         LINE#         14
  C:2715H         LINE#         15
  C:2715H         LINE#         16
  C:2718H         LINE#         17
  C:271AH         LINE#         20
  C:271DH         LINE#         21
  C:2722H         LINE#         22
  C:2728H         LINE#         23
  C:272EH         LINE#         24
  C:2734H         LINE#         25
  -------         ENDPROC       TIMER2_CONFIG
  -------         PROC          TIMR2_IRQHANDLER
  -------         DO            
  X:6331H         SYMBOL        rf_bit_cnt
  X:6332H         SYMBOL        __rf_data
  X:6336H         SYMBOL        flag_is_enable_recv
  X:6337H         SYMBOL        __flag_is_recved_data
  X:6338H         SYMBOL        low_level_cnt
  X:6339H         SYMBOL        high_level_cnt
  -------         ENDDO         
  C:0D65H         LINE#         28
  C:0D82H         LINE#         31
  C:0D82H         LINE#         36
  C:0D8CH         LINE#         37
  C:0D8CH         LINE#         38
  C:0D90H         LINE#         43
  C:0D96H         LINE#         44
  C:0D9CH         LINE#         45
  C:0DA2H         LINE#         47
  C:0DB1H         LINE#         49
BL51 BANKED LINKER/LOCATER V6.22.4.0                                                  04/01/2026  17:09:07  PAGE 26


  C:0DB1H         LINE#         50
  C:0DB5H         LINE#         51
  C:0DB7H         LINE#         52
  C:0DB7H         LINE#         55
  C:0DC6H         LINE#         56
  C:0DC6H         LINE#         57
  C:0DCAH         LINE#         58
  C:0DCCH         LINE#         59
  C:0DCCH         LINE#         62
  C:0DCCH         LINE#         72
  C:0DCFH         LINE#         73
  C:0DCFH         LINE#         75
  C:0DD5H         LINE#         80
  C:0DE9H         LINE#         81
  C:0DE9H         LINE#         82
  C:0DF6H         LINE#         83
  C:0DF6H         LINE#         84
  C:0DF9H         LINE#         85
  C:0DFBH         LINE#         86
  C:0E06H         LINE#         87
  C:0E06H         LINE#         88
  C:0E06H         LINE#         90
  C:0E06H         LINE#         91
  C:0E09H         LINE#         92
  C:0E09H         LINE#         93
  C:0E0CH         LINE#         95
  C:0E0CH         LINE#         96
  C:0E18H         LINE#         97
  C:0E18H         LINE#         99
  C:0E1EH         LINE#         100
  C:0E1EH         LINE#         102
  C:0E28H         LINE#         103
  C:0E28H         LINE#         105
  C:0E2DH         LINE#         106
  C:0E30H         LINE#         107
  C:0E50H         LINE#         110
  C:0E50H         LINE#         112
  C:0E53H         LINE#         113
  C:0E53H         LINE#         114
  C:0E58H         LINE#         115
  C:0E58H         LINE#         116
  C:0E58H         LINE#         117
  C:0E58H         LINE#         118
  C:0E5AH         LINE#         119
  C:0E7AH         LINE#         122
  C:0E7AH         LINE#         124
  C:0E86H         LINE#         125
  C:0E86H         LINE#         126
  C:0E8BH         LINE#         127
  C:0E8BH         LINE#         128
  C:0E97H         LINE#         129
  C:0E97H         LINE#         130
  C:0E99H         LINE#         132
  C:0E99H         LINE#         134
  C:0EA3H         LINE#         135
  C:0EA3H         LINE#         136
  C:0EA7H         LINE#         137
BL51 BANKED LINKER/LOCATER V6.22.4.0                                                  04/01/2026  17:09:07  PAGE 27


  C:0EA7H         LINE#         139
  C:0EACH         LINE#         140
  C:0EAEH         LINE#         142
  C:0EB5H         LINE#         143
  C:0EB5H         LINE#         145
  C:0EB5H         LINE#         146
  C:0EB8H         LINE#         147
  C:0EB8H         LINE#         148
  C:0EBAH         LINE#         150
  C:0EBAH         LINE#         153
  C:0EC0H         LINE#         154
  C:0EC0H         LINE#         155
  C:0ECAH         LINE#         156
  C:0ECAH         LINE#         157
  C:0ECEH         LINE#         158
  C:0ECEH         LINE#         159
  C:0ECEH         LINE#         162
  C:0ED4H         LINE#         163
  C:0ED4H         LINE#         165
  C:0EDAH         LINE#         166
  C:0EDAH         LINE#         167
  C:0EDFH         LINE#         168
  C:0EE3H         LINE#         169
  C:0EE5H         LINE#         170
  C:0EE7H         LINE#         174
  C:0EE7H         LINE#         176
  C:0EF3H         LINE#         177
  C:0EF5H         LINE#         178
  C:0EF5H         LINE#         183
  C:0EF5H         LINE#         184
  C:0EF5H         LINE#         192
  C:0F07H         LINE#         194
  C:0F07H         LINE#         196
  C:0F0BH         LINE#         198
  C:0F11H         LINE#         199
  C:0F11H         LINE#         203
  C:0F1AH         LINE#         204
  C:0F1AH         LINE#         205
  C:0F21H         LINE#         206
  C:0F23H         LINE#         207
  C:0F2CH         LINE#         208
  C:0F2CH         LINE#         209
  C:0F36H         LINE#         210
  C:0F36H         LINE#         215
  C:0F3FH         LINE#         216
  C:0F3FH         LINE#         217
  C:0F46H         LINE#         218
  C:0F48H         LINE#         219
  C:0F51H         LINE#         220
  C:0F51H         LINE#         221
  C:0F5BH         LINE#         222
  C:0F5BH         LINE#         224
  C:0F61H         LINE#         225
  C:0F67H         LINE#         227
  C:0F76H         LINE#         228
  C:0F76H         LINE#         230
  C:0F79H         LINE#         231
BL51 BANKED LINKER/LOCATER V6.22.4.0                                                  04/01/2026  17:09:07  PAGE 28


  C:0F7BH         LINE#         233
  C:0F7BH         LINE#         234
  C:0F7EH         LINE#         235
  C:0F7EH         LINE#         237
  C:0F8DH         LINE#         238
  C:0F8DH         LINE#         240
  C:0F90H         LINE#         241
  C:0F92H         LINE#         243
  C:0F92H         LINE#         244
  C:0F95H         LINE#         245
  C:0F95H         LINE#         247
  C:0F95H         LINE#         253
  C:0F95H         LINE#         255
  C:0F95H         LINE#         258
  C:0F95H         LINE#         259
  -------         ENDPROC       TIMR2_IRQHANDLER
  -------         ENDMOD        TIMER2

  -------         MODULE        KNOB_DIMMING
  C:0000H         SYMBOL        _ICE_DUMMY_
  X:6359H         PUBLIC        limited_max_pwm_duty
  C:1929H         PUBLIC        update_max_pwm_duty_coefficient
  C:2735H         SYMBOL        Com0018
  C:2735H         SYMBOL        L?0025
  C:273AH         SYMBOL        L?0026
  C:273DH         SYMBOL        L?0027
  C:273FH         SYMBOL        L?0028
  C:2748H         SYMBOL        L?0029
  -------         PROC          COM0018
  -------         ENDPROC       COM0018
  -------         PROC          UPDATE_MAX_PWM_DUTY_COEFFICIENT
  -------         DO            
  B:0021H.2       SYMBOL        flag_is_last_limited_equal_zero
  X:6357H         SYMBOL        adc_val
  -------         ENDDO         
  C:1929H         LINE#         8
  C:1929H         LINE#         9
  C:1929H         LINE#         19
  C:1931H         LINE#         20
  C:1931H         LINE#         21
  C:193EH         LINE#         22
  C:1943H         LINE#         23
  C:1943H         LINE#         29
  C:1949H         LINE#         30
  C:1949H         LINE#         33
  C:1958H         LINE#         34
  C:1958H         LINE#         35
  C:195FH         LINE#         36
  C:1962H         LINE#         38
  C:1968H         LINE#         39
  C:1968H         LINE#         46
  C:198EH         LINE#         47
  C:1991H         LINE#         49
  C:19A0H         LINE#         50
  C:19A0H         LINE#         54
  C:19ABH         LINE#         55
  C:19AEH         LINE#         57
BL51 BANKED LINKER/LOCATER V6.22.4.0                                                  04/01/2026  17:09:07  PAGE 29


  C:19BDH         LINE#         58
  C:19BDH         LINE#         59
  C:19D2H         LINE#         60
  C:19D4H         LINE#         62
  C:19E3H         LINE#         63
  C:19E3H         LINE#         64
  C:19EEH         LINE#         65
  C:19F0H         LINE#         67
  C:19FFH         LINE#         68
  C:19FFH         LINE#         69
  C:1A1CH         LINE#         70
  C:1A1EH         LINE#         72
  C:1A1EH         LINE#         74
  C:1A28H         LINE#         75
  C:1A28H         LINE#         77
  C:1A32H         LINE#         78
  C:1A32H         LINE#         79
  C:1A34H         LINE#         80
  C:1A34H         LINE#         81
  C:1A35H         LINE#         83
  C:1A35H         LINE#         84
  C:1A3BH         LINE#         85
  C:1A3BH         LINE#         86
  C:1A3DH         LINE#         87
  C:1A3DH         LINE#         88
  C:1A3DH         LINE#         89
  -------         ENDPROC       UPDATE_MAX_PWM_DUTY_COEFFICIENT
  -------         ENDMOD        KNOB_DIMMING

  -------         MODULE        RF_RECV
  C:0000H         SYMBOL        _ICE_DUMMY_
  C:1F0BH         SYMBOL        rf_key_get_key_id
  X:626CH         PUBLIC        flag_is_in_rf_learning
  C:24E4H         PUBLIC        rf_recv_init
  X:626DH         SYMBOL        rf_key_1_event_table
  X:6281H         PUBLIC        tmp_rf_addr
  X:6285H         PUBLIC        rf_key_para
  X:6298H         SYMBOL        rf_key_1_2_event_table
  B:0090H.1       PUBLIC        P11
  C:23ECH         SYMBOL        ___sub_fun_rf_key_get_event
  C:0AEFH         PUBLIC        rf_key_handle
  X:62C0H         PUBLIC        rf_data
  X:62C4H         PUBLIC        rf_remote_info
  B:0020H.4       PUBLIC        flag_is_rf_enable
  C:20CCH         SYMBOL        ___rf_key_get_event
  B:0020H.5       PUBLIC        flag_is_recved_rf_data
  C:1B3BH         SYMBOL        Com00A2
  C:1B3BH         SYMBOL        L?0163
  C:1B40H         SYMBOL        L?0164
  C:1B43H         SYMBOL        L?0165
  C:1B54H         SYMBOL        L?0166
  C:1B59H         SYMBOL        L?0167
  C:1B5CH         SYMBOL        L?0168
  C:1B6DH         SYMBOL        L?0169
  C:1B75H         SYMBOL        L?0170
  C:1B83H         SYMBOL        L?0171
  C:1B8BH         SYMBOL        L?0172
BL51 BANKED LINKER/LOCATER V6.22.4.0                                                  04/01/2026  17:09:07  PAGE 30


  C:1B99H         SYMBOL        L?0173
  C:1BA1H         SYMBOL        L?0174
  C:1BAFH         SYMBOL        L?0175
  C:1BB7H         SYMBOL        L?0176
  C:1BC5H         SYMBOL        L?0177
  C:1BC8H         SYMBOL        L?0178
  C:1BCBH         SYMBOL        L?0179
  C:1BD2H         SYMBOL        L?0180
  C:1BD2H         SYMBOL        L?0181
  C:1BD8H         SYMBOL        L?0182
  C:1BD8H         SYMBOL        L?0183
  C:1BE0H         SYMBOL        L?0184
  C:1BE0H         SYMBOL        L?0185
  C:1BE7H         SYMBOL        L?0186
  C:1BF4H         SYMBOL        L?0187
  C:1C01H         SYMBOL        L?0188
  C:1C0DH         SYMBOL        L?0189
  C:1C16H         SYMBOL        L?0190
  -------         PROC          COM00A2
  -------         ENDPROC       COM00A2
  -------         PROC          RF_KEY_GET_KEY_ID
  -------         DO            
  X:6321H         SYMBOL        ret
  -------         ENDDO         
  C:1F0BH         LINE#         212
  C:1F0BH         LINE#         213
  C:1F0BH         LINE#         214
  C:1F11H         LINE#         215
  C:1F11H         LINE#         216
  C:1F13H         LINE#         217
  C:1F1FH         LINE#         218
  C:1F1FH         LINE#         221
  C:1F27H         LINE#         225
  C:1F2DH         LINE#         226
  C:1F2DH         LINE#         230
  C:1F37H         LINE#         231
  C:1F37H         LINE#         232
  C:1F3FH         LINE#         233
  C:1F44H         LINE#         234
  C:1F46H         LINE#         235
  C:1F4EH         LINE#         236
  C:1F4EH         LINE#         238
  C:1F56H         LINE#         239
  C:1F56H         LINE#         242
  C:1F58H         LINE#         244
  C:1F58H         LINE#         249
  C:1F5DH         LINE#         250
  C:1F5DH         LINE#         253
  C:1F6EH         LINE#         255
  C:1F6EH         LINE#         257
  C:1F75H         LINE#         258
  C:1F77H         LINE#         259
  C:1F88H         LINE#         261
  C:1F88H         LINE#         264
  C:1F88H         LINE#         266
  C:1F88H         LINE#         268
  C:1F88H         LINE#         269
BL51 BANKED LINKER/LOCATER V6.22.4.0                                                  04/01/2026  17:09:07  PAGE 31


  C:1F88H         LINE#         270
  C:1F8AH         LINE#         272
  C:1F8AH         LINE#         274
  C:1F90H         LINE#         275
  C:1F90H         LINE#         276
  C:1F90H         LINE#         279
  C:1F9AH         LINE#         280
  C:1FA0H         LINE#         281
  C:1FA0H         LINE#         283
  C:1FA0H         LINE#         284
  C:1FA3H         LINE#         285
  C:1FA3H         LINE#         286
  C:1FA3H         LINE#         288
  C:1FA3H         LINE#         289
  C:1FA5H         LINE#         290
  C:1FA5H         LINE#         291
  -------         ENDPROC       RF_KEY_GET_KEY_ID
  -------         PROC          ___SUB_FUN_RF_KEY_GET_EVENT
  D:0001H         SYMBOL        key_val
  D:0005H         SYMBOL        key_event
  D:0003H         SYMBOL        table_index
  -------         DO            
  D:0007H         SYMBOL        ret_key_event
  D:0006H         SYMBOL        i
  -------         ENDDO         
  C:23ECH         LINE#         303
  C:23EEH         LINE#         304
  C:23EEH         LINE#         305
  C:23F0H         LINE#         306
  C:23F1H         LINE#         307
  C:23F6H         LINE#         308
  C:23F6H         LINE#         309
  C:23F6H         LINE#         310
  C:23F6H         LINE#         312
  C:23FFH         LINE#         313
  C:23FFH         LINE#         314
  C:2402H         LINE#         315
  C:2404H         LINE#         316
  C:2404H         LINE#         317
  C:240AH         LINE#         318
  C:240AH         LINE#         319
  C:240FH         LINE#         320
  C:240FH         LINE#         321
  C:2410H         LINE#         322
  C:2410H         LINE#         324
  C:2419H         LINE#         325
  C:2419H         LINE#         326
  C:242AH         LINE#         327
  C:242BH         LINE#         328
  C:242BH         LINE#         329
  C:2430H         LINE#         330
  C:2430H         LINE#         332
  C:2430H         LINE#         334
  C:2430H         LINE#         336
  C:2430H         LINE#         337
  -------         ENDPROC       ___SUB_FUN_RF_KEY_GET_EVENT
  -------         PROC          ___RF_KEY_GET_EVENT
BL51 BANKED LINKER/LOCATER V6.22.4.0                                                  04/01/2026  17:09:07  PAGE 32


  X:6322H         SYMBOL        key_val
  X:6323H         SYMBOL        key_event
  -------         DO            
  X:6324H         SYMBOL        ret_key_event
  X:6325H         SYMBOL        i
  -------         ENDDO         
  C:20CCH         LINE#         347
  C:20D4H         LINE#         348
  C:20D4H         LINE#         349
  C:20D7H         LINE#         350
  C:20D9H         LINE#         352
  C:20DFH         LINE#         353
  C:20DFH         LINE#         366
  C:20ECH         LINE#         367
  C:20ECH         LINE#         369
  C:20F3H         LINE#         370
  C:20F3H         LINE#         372
  C:20F3H         LINE#         373
  C:20F5H         LINE#         374
  C:20FDH         LINE#         375
  C:20FDH         LINE#         377
  C:20FDH         LINE#         378
  C:20FDH         LINE#         379
  C:20FFH         LINE#         381
  C:20FFH         LINE#         384
  C:2107H         LINE#         385
  C:2107H         LINE#         387
  C:2107H         LINE#         390
  C:2109H         LINE#         391
  C:2112H         LINE#         392
  C:2112H         LINE#         394
  C:2112H         LINE#         396
  C:2114H         LINE#         398
  C:2114H         LINE#         400
  C:2114H         LINE#         401
  C:2114H         LINE#         402
  C:2114H         LINE#         404
  C:2114H         LINE#         406
  C:2121H         LINE#         407
  C:2121H         LINE#         409
  C:2128H         LINE#         410
  C:2128H         LINE#         412
  C:2132H         LINE#         413
  C:2134H         LINE#         414
  C:213BH         LINE#         415
  C:213BH         LINE#         417
  C:214DH         LINE#         418
  C:214DH         LINE#         419
  C:214DH         LINE#         421
  C:214DH         LINE#         423
  C:214DH         LINE#         424
  C:214DH         LINE#         426
  C:2152H         LINE#         427
  -------         ENDPROC       ___RF_KEY_GET_EVENT
  -------         PROC          RF_KEY_HANDLE
  -------         DO            
  X:6321H         SYMBOL        rf_key_event
BL51 BANKED LINKER/LOCATER V6.22.4.0                                                  04/01/2026  17:09:07  PAGE 33


  -------         DO            
  X:626BH         SYMBOL        last_key_event
  -------         ENDDO         
  -------         ENDDO         
  C:0AEFH         LINE#         430
  C:0AEFH         LINE#         431
  C:0AEFH         LINE#         432
  C:0AF4H         LINE#         435
  C:0AFEH         LINE#         436
  C:0AFEH         LINE#         438
  C:0AFEH         LINE#         440
  C:0B0BH         LINE#         441
  C:0B11H         LINE#         442
  C:0B14H         LINE#         444
  C:0B14H         LINE#         447
  C:0B1CH         LINE#         448
  C:0B1CH         LINE#         450
  C:0B28H         LINE#         451
  C:0B28H         LINE#         453
  C:0B32H         LINE#         455
  C:0B32H         LINE#         461
  C:0B32H         LINE#         464
  C:0B38H         LINE#         465
  C:0B44H         LINE#         467
  C:0B4EH         LINE#         468
  C:0B4EH         LINE#         470
  C:0B51H         LINE#         471
  C:0B53H         LINE#         473
  C:0B53H         LINE#         475
  C:0B56H         LINE#         476
  C:0B56H         LINE#         478
  C:0B5BH         LINE#         479
  C:0B64H         LINE#         486
  C:0B6AH         LINE#         487
  C:0B6AH         LINE#         488
  C:0B6AH         LINE#         489
  C:0B6CH         LINE#         491
  C:0B6CH         LINE#         492
  C:0B74H         LINE#         493
  C:0B74H         LINE#         494
  C:0B76H         LINE#         495
  C:0B7DH         LINE#         496
  C:0B7DH         LINE#         497
  C:0B8AH         LINE#         499
  C:0B8AH         LINE#         500
  C:0B90H         LINE#         502
  C:0B90H         LINE#         503
  C:0B90H         LINE#         505
  C:0B90H         LINE#         512
  C:0B98H         LINE#         513
  C:0B98H         LINE#         515
  C:0B98H         LINE#         518
  C:0BA9H         LINE#         519
  C:0BA9H         LINE#         521
  C:0BADH         LINE#         522
  C:0BADH         LINE#         529
  C:0C00H         LINE#         530
BL51 BANKED LINKER/LOCATER V6.22.4.0                                                  04/01/2026  17:09:07  PAGE 34


  C:0C00H         LINE#         531
  C:0C00H         LINE#         532
  C:0C00H         LINE#         537
  C:0C0CH         LINE#         538
  C:0C0CH         LINE#         539
  C:0C0CH         LINE#         540
  C:0C0CH         LINE#         552
  C:0C0FH         LINE#         574
  C:0C0FH         LINE#         575
  C:0C0FH         LINE#         579
  C:0C0FH         LINE#         580
  C:0C0FH         LINE#         590
  C:0C12H         LINE#         592
  C:0C12H         LINE#         594
  C:0C12H         LINE#         595
  C:0C1AH         LINE#         596
  C:0C1AH         LINE#         598
  C:0C1AH         LINE#         599
  C:0C1AH         LINE#         604
  C:0C1DH         LINE#         606
  C:0C1DH         LINE#         608
  C:0C21H         LINE#         609
  C:0C29H         LINE#         610
  C:0C29H         LINE#         612
  C:0C29H         LINE#         613
  C:0C29H         LINE#         615
  C:0C2CH         LINE#         617
  C:0C2CH         LINE#         620
  C:0C2CH         LINE#         621
  C:0C34H         LINE#         622
  C:0C34H         LINE#         624
  C:0C34H         LINE#         625
  C:0C34H         LINE#         630
  C:0C37H         LINE#         632
  C:0C37H         LINE#         634
  C:0C3BH         LINE#         635
  C:0C43H         LINE#         636
  C:0C43H         LINE#         638
  C:0C43H         LINE#         639
  C:0C43H         LINE#         641
  C:0C46H         LINE#         643
  C:0C46H         LINE#         644
  C:0C46H         LINE#         648
  C:0C49H         LINE#         653
  C:0C4CH         LINE#         655
  C:0C4CH         LINE#         656
  C:0C4CH         LINE#         660
  C:0C4FH         LINE#         665
  C:0C52H         LINE#         667
  C:0C52H         LINE#         671
  C:0C57H         LINE#         672
  C:0C57H         LINE#         674
  C:0C57H         LINE#         675
  C:0C5FH         LINE#         676
[...]
  C:24DBH         LINE#         48
  C:24E1H         LINE#         49
  C:24E3H         LINE#         50
  -------         ENDPROC       _FLASH_PROGRAM
  -------         PROC          _FLASH_READ
  D:0007H         SYMBOL        addr
  X:6322H         SYMBOL        p_data
  X:6325H         SYMBOL        len
  C:2518H         LINE#         59
  C:251EH         LINE#         60
  C:251EH         LINE#         61
  C:2524H         LINE#         62
  C:2524H         LINE#         63
BL51 BANKED LINKER/LOCATER V6.22.4.0                                                  04/01/2026  17:09:07  PAGE 41


  C:2543H         LINE#         64
  C:2549H         LINE#         65
  C:254BH         LINE#         66
  -------         ENDPROC       _FLASH_READ
  -------         ENDMOD        FLASH

  -------         MODULE        FAN_CTL
  C:0000H         SYMBOL        _ICE_DUMMY_
  B:0090H.2       PUBLIC        P12
  C:2782H         PUBLIC        fan_ctl_config
  C:26AFH         PUBLIC        fan_ctl
  -------         PROC          FAN_CTL_CONFIG
  C:2782H         LINE#         3
  C:2782H         LINE#         4
  C:2782H         LINE#         6
  C:2788H         LINE#         7
  C:278CH         LINE#         8
  C:2791H         LINE#         10
  C:2793H         LINE#         11
  -------         ENDPROC       FAN_CTL_CONFIG
  -------         PROC          FAN_CTL
  C:26AFH         LINE#         14
  C:26AFH         LINE#         15
  C:26AFH         LINE#         18
  C:26CDH         LINE#         19
  C:26CDH         LINE#         20
  C:26CFH         LINE#         21
  C:26D0H         LINE#         25
  C:26D0H         LINE#         27
  C:26D2H         LINE#         28
  C:26D2H         LINE#         29
  -------         ENDPROC       FAN_CTL
  -------         ENDMOD        FAN_CTL

  -------         MODULE        TIMER3
  C:0000H         SYMBOL        _ICE_DUMMY_
  C:1A3EH         PUBLIC        TIMR3_IRQHandler
  D:00D1H         PUBLIC        TMR_ALLCON
  C:26F4H         PUBLIC        timer3_config
  D:00A8H         PUBLIC        IE0
  D:00A9H         PUBLIC        IE1
  D:00AAH         PUBLIC        IE2
  D:00ABH         PUBLIC        IE3
  D:00B8H         PUBLIC        IP0
  D:00B1H         PUBLIC        IP1
  D:00B2H         PUBLIC        IP2
  D:00B3H         PUBLIC        IP3
  D:00B4H         PUBLIC        IP4
  D:00B5H         PUBLIC        IP5
  D:00B6H         PUBLIC        IP6
  D:00B7H         PUBLIC        IP7
  B:00A8H.7       PUBLIC        IE_EA
  C:2826H         SYMBOL        Com0044
  C:2826H         SYMBOL        L?0069
  C:2826H         SYMBOL        L?0070
  -------         PROC          COM0044
  -------         ENDPROC       COM0044
BL51 BANKED LINKER/LOCATER V6.22.4.0                                                  04/01/2026  17:09:07  PAGE 42


  -------         PROC          TIMER3_CONFIG
  C:26F4H         LINE#         13
  C:26F4H         LINE#         14
  C:26F4H         LINE#         15
  C:26F7H         LINE#         16
  C:26F9H         LINE#         19
  C:26FCH         LINE#         20
  C:2702H         LINE#         21
  C:2708H         LINE#         22
  C:270EH         LINE#         23
  C:2714H         LINE#         24
  -------         ENDPROC       TIMER3_CONFIG
  -------         PROC          TIMR3_IRQHANDLER
  -------         DO            
  X:635FH         SYMBOL        cnt
  X:6360H         SYMBOL        flag_is_time_to_sync_adc_status
  -------         ENDDO         
  C:1A3EH         LINE#         26
  C:1A5BH         LINE#         29
  C:1A5BH         LINE#         32
  C:1A62H         LINE#         33
  C:1A62H         LINE#         36
  C:1A65H         LINE#         38
  C:1A65H         LINE#         40
  C:1A6CH         LINE#         43
  C:1A6CH         LINE#         46
  C:1A72H         LINE#         47
  C:1A7CH         LINE#         48
  C:1A7CH         LINE#         49
  C:1A7EH         LINE#         50
  C:1A82H         LINE#         51
  C:1A82H         LINE#         53
  C:1A8BH         LINE#         54
  C:1A8BH         LINE#         55
  C:1A8DH         LINE#         56
  C:1A8FH         LINE#         57
  C:1A92H         LINE#         58
  C:1A92H         LINE#         59
  C:1A92H         LINE#         62
  C:1A9CH         LINE#         64
  C:1A9CH         LINE#         66
  C:1AA1H         LINE#         67
  C:1AA7H         LINE#         68
  C:1AAAH         LINE#         69
  C:1AB1H         LINE#         70
  C:1AB1H         LINE#         71
  C:1AB4H         LINE#         72
  C:1AB7H         LINE#         73
  C:1AB9H         LINE#         75
  C:1AC0H         LINE#         76
  C:1AC0H         LINE#         78
  C:1AC5H         LINE#         79
  C:1ACBH         LINE#         80
  C:1ACDH         LINE#         81
  C:1AD4H         LINE#         82
  C:1AD4H         LINE#         83
  C:1AD7H         LINE#         84
BL51 BANKED LINKER/LOCATER V6.22.4.0                                                  04/01/2026  17:09:07  PAGE 43


  C:1ADAH         LINE#         85
  C:1ADCH         LINE#         86
  C:1AE3H         LINE#         87
  C:1AE3H         LINE#         89
  C:1AE8H         LINE#         90
  C:1AEEH         LINE#         91
  C:1AF0H         LINE#         92
  C:1AF7H         LINE#         93
  C:1AF7H         LINE#         94
  C:1AFAH         LINE#         95
  C:1AFDH         LINE#         96
  C:1AFFH         LINE#         97
  C:1B06H         LINE#         98
  C:1B06H         LINE#         100
  C:1B0BH         LINE#         101
  C:1B11H         LINE#         102
  C:1B13H         LINE#         103
  C:1B1AH         LINE#         104
  C:1B1AH         LINE#         105
  C:1B1DH         LINE#         106
  C:1B20H         LINE#         107
  C:1B20H         LINE#         109
  C:1B20H         LINE#         110
  -------         ENDPROC       TIMR3_IRQHANDLER
  -------         ENDMOD        TIMER3

  -------         MODULE        ENGINE
  C:0000H         SYMBOL        _ICE_DUMMY_
  X:6006H         PUBLIC        t_count
  X:6008H         PUBLIC        filter_buff
  X:6048H         PUBLIC        filter_buff_2_index
  X:604AH         PUBLIC        filter_buff_2
  X:6266H         PUBLIC        t_adc_min
  X:6268H         PUBLIC        t_adc_max
  X:626AH         PUBLIC        over_drive_status
  B:0020H.7       PUBLIC        flag_is_time_to_check_engine
  C:080AH         PUBLIC        according_pin9_to_adjust_pwm
  C:21D7H         SYMBOL        Com0038
  C:21D7H         SYMBOL        L?0057
  C:21DCH         SYMBOL        L?0058
  C:21DEH         SYMBOL        L?0059
  C:21E9H         SYMBOL        L?0060
  C:21EDH         SYMBOL        L?0061
  C:21EEH         SYMBOL        L?0062
  C:21FAH         SYMBOL        L?0063
  C:21FFH         SYMBOL        L?0064
  C:2202H         SYMBOL        L?0065
  C:2209H         SYMBOL        L?0066
  C:220AH         SYMBOL        L?0067
  C:2217H         SYMBOL        L?0068
  C:2217H         SYMBOL        L?0069
  C:2221H         SYMBOL        L?0070
  C:2231H         SYMBOL        L?0071
  C:2231H         SYMBOL        L?0072
  C:2232H         SYMBOL        L?0073
  C:2239H         SYMBOL        L?0074
  C:2246H         SYMBOL        L?0075
BL51 BANKED LINKER/LOCATER V6.22.4.0                                                  04/01/2026  17:09:07  PAGE 44


  -------         PROC          COM0038
  -------         ENDPROC       COM0038
  -------         PROC          ACCORDING_PIN9_TO_ADJUST_PWM
  -------         DO            
  X:6000H         SYMBOL        filter_buff_index
  X:6001H         SYMBOL        flag_is_sub_power
  X:6002H         SYMBOL        flag_is_sub_power2
  B:0020H.6       SYMBOL        flag_is_add_power
  X:6321H         SYMBOL        adc_pin_9_avg
  X:6003H         SYMBOL        adc_val
  X:6005H         SYMBOL        is_init
  -------         DO            
  X:6325H         SYMBOL        i
  X:6325H         SYMBOL        temp
  X:6325H         SYMBOL        i
  X:6325H         SYMBOL        i
  -------         ENDDO         
  -------         DO            
  X:6325H         SYMBOL        temp
  X:6325H         SYMBOL        i
  X:6325H         SYMBOL        i
  -------         ENDDO         
  -------         DO            
  X:6325H         SYMBOL        i
  X:6325H         SYMBOL        i
  -------         ENDDO         
  -------         DO            
  X:6325H         SYMBOL        i
  -------         ENDDO         
  -------         ENDDO         
  C:080AH         LINE#         32
  C:080AH         LINE#         33
  C:080AH         LINE#         41
  C:0814H         LINE#         45
  C:081CH         LINE#         46
  C:081CH         LINE#         47
  C:0829H         LINE#         48
  C:082EH         LINE#         50
  C:0834H         LINE#         51
  C:0834H         LINE#         52
  C:0836H         LINE#         53
  C:0836H         LINE#         54
  C:0836H         LINE#         56
  C:083FH         LINE#         57
  C:083FH         LINE#         60
  C:083FH         LINE#         62
  C:084BH         LINE#         63
  C:084BH         LINE#         64
  C:084EH         LINE#         65
  C:0858H         LINE#         66
  C:0858H         LINE#         67
  C:0868H         LINE#         68
  C:086DH         LINE#         70
  C:087AH         LINE#         71
  C:087AH         LINE#         72
  C:0885H         LINE#         73
  C:088AH         LINE#         74
BL51 BANKED LINKER/LOCATER V6.22.4.0                                                  04/01/2026  17:09:07  PAGE 45


  C:088AH         LINE#         76
  C:088AH         LINE#         77
  C:0899H         LINE#         78
  C:08AAH         LINE#         79
  C:08BDH         LINE#         80
  C:08C5H         LINE#         81
  C:08CBH         LINE#         82
  C:08D1H         LINE#         83
  C:08D1H         LINE#         84
  C:08D3H         LINE#         85
  C:08D3H         LINE#         86
  C:08D3H         LINE#         88
  C:08D3H         LINE#         89
  C:08D6H         LINE#         90
  C:08D6H         LINE#         91
  C:08D6H         LINE#         92
  C:08F3H         LINE#         93
  C:0902H         LINE#         96
  C:0913H         LINE#         97
  C:0913H         LINE#         100
  C:0939H         LINE#         101
  C:093FH         LINE#         102
  C:094EH         LINE#         103
  C:094EH         LINE#         104
  C:0952H         LINE#         105
  C:0952H         LINE#         107
  C:0952H         LINE#         108
  C:0955H         LINE#         109
  C:095BH         LINE#         110
  C:0964H         LINE#         111
  C:0971H         LINE#         112
  C:0971H         LINE#         113
  C:0988H         LINE#         114
  C:0988H         LINE#         115
  C:0997H         LINE#         116
  C:0997H         LINE#         117
  C:09B1H         LINE#         118
  C:09B1H         LINE#         119
  C:09C0H         LINE#         120
  C:09C0H         LINE#         121
  C:09DEH         LINE#         122
  C:09DEH         LINE#         123
  C:09E4H         LINE#         124
  C:09E6H         LINE#         126
  C:09E6H         LINE#         127
  C:09ECH         LINE#         128
  C:09EFH         LINE#         129
  C:09EFH         LINE#         130
  C:09F5H         LINE#         144
  C:09F5H         LINE#         147
  C:0A14H         LINE#         148
  C:0A14H         LINE#         150
  C:0A19H         LINE#         151
  C:0A1BH         LINE#         152
  C:0A1DH         LINE#         154
  C:0A24H         LINE#         155
  C:0A24H         LINE#         156
BL51 BANKED LINKER/LOCATER V6.22.4.0                                                  04/01/2026  17:09:07  PAGE 46


  C:0A27H         LINE#         157
  C:0A2CH         LINE#         158
  C:0A2CH         LINE#         159
  C:0A33H         LINE#         160
  C:0A33H         LINE#         162
  C:0A3CH         LINE#         163
  C:0A3CH         LINE#         164
  C:0A3CH         LINE#         165
  C:0A3CH         LINE#         166
  C:0A3FH         LINE#         167
  C:0A48H         LINE#         168
  C:0A48H         LINE#         170
  C:0A4EH         LINE#         171
  C:0A4EH         LINE#         172
  C:0A50H         LINE#         173
  C:0A62H         LINE#         174
  C:0A62H         LINE#         175
  C:0A62H         LINE#         176
  C:0A62H         LINE#         177
  C:0A62H         LINE#         178
  C:0A62H         LINE#         179
  C:0A64H         LINE#         181
  C:0A7BH         LINE#         182
  C:0A7BH         LINE#         184
  C:0A7EH         LINE#         185
  C:0A7EH         LINE#         186
  C:0A80H         LINE#         188
  C:0A89H         LINE#         189
  C:0A89H         LINE#         190
  C:0A8CH         LINE#         191
  C:0A8CH         LINE#         193
  C:0A91H         LINE#         194
  C:0A93H         LINE#         196
  C:0A98H         LINE#         197
  C:0A98H         LINE#         198
  C:0A98H         LINE#         199
  C:0A9AH         LINE#         200
  C:0AA0H         LINE#         201
  C:0AA0H         LINE#         202
  C:0AA4H         LINE#         203
  C:0AA6H         LINE#         205
  C:0AA6H         LINE#         206
  C:0AB0H         LINE#         207
  C:0AB0H         LINE#         208
  C:0AB0H         LINE#         209
  C:0AB1H         LINE#         210
  C:0ABCH         LINE#         211
  C:0ABCH         LINE#         213
  C:0ABFH         LINE#         214
  C:0ABFH         LINE#         215
  C:0AC1H         LINE#         217
  C:0AC7H         LINE#         218
  C:0ACCH         LINE#         219
  C:0ACEH         LINE#         221
  C:0ADDH         LINE#         222
  C:0ADDH         LINE#         223
  C:0AE5H         LINE#         224
BL51 BANKED LINKER/LOCATER V6.22.4.0                                                  04/01/2026  17:09:07  PAGE 47


  C:0AE5H         LINE#         226
  C:0AE5H         LINE#         227
  C:0AEEH         LINE#         228
  C:0AEEH         LINE#         229
  C:0AEEH         LINE#         230
  C:0AEEH         LINE#         231
  -------         ENDPROC       ACCORDING_PIN9_TO_ADJUST_PWM
  -------         ENDMOD        ENGINE

  -------         MODULE        ?C?FPADD
  C:004CH         PUBLIC        ?C?FPADD
  C:0048H         PUBLIC        ?C?FPSUB
  -------         ENDMOD        ?C?FPADD

  -------         MODULE        ?C?FPMUL
  C:013DH         PUBLIC        ?C?FPMUL
  -------         ENDMOD        ?C?FPMUL

  -------         MODULE        ?C?FPDIV
  C:0246H         PUBLIC        ?C?FPDIV
  -------         ENDMOD        ?C?FPDIV

  -------         MODULE        ?C?CASTF
  C:02E3H         PUBLIC        ?C?CASTF
  -------         ENDMOD        ?C?CASTF

  -------         MODULE        POW
  X:6321H         PUBLIC        ?_pow?BYTE
  C:1316H         PUBLIC        _pow
  -------         ENDMOD        POW

  -------         MODULE        ?C?CHKFLOAT
  C:0364H         PUBLIC        ?C?CHKFLOAT
  -------         ENDMOD        ?C?CHKFLOAT

  -------         MODULE        ?C?FPCMP
  C:0380H         PUBLIC        ?C?FPCMP
  C:037EH         PUBLIC        ?C?FPCMP3
  -------         ENDMOD        ?C?FPCMP

  -------         MODULE        ?C?FPNEG
  C:03F7H         PUBLIC        ?C?FPNEG
  -------         ENDMOD        ?C?FPNEG

  -------         MODULE        ?C?FCAST
  C:0412H         PUBLIC        ?C?FCASTC
  C:040DH         PUBLIC        ?C?FCASTI
  C:0408H         PUBLIC        ?C?FCASTL
  -------         ENDMOD        ?C?FCAST

  -------         MODULE        EXP
  C:1FDEH         PUBLIC        _EXP
  -------         ENDMOD        EXP

  -------         MODULE        LOG
  C:171DH         PUBLIC        _LOG
  C:1719H         PUBLIC        _LOG10
BL51 BANKED LINKER/LOCATER V6.22.4.0                                                  04/01/2026  17:09:07  PAGE 48


  -------         ENDMOD        LOG

  -------         MODULE        ?C?CLDPTR
  C:0493H         PUBLIC        ?C?CLDPTR
  -------         ENDMOD        ?C?CLDPTR

  -------         MODULE        ?C?CLDOPTR
  C:04ACH         PUBLIC        ?C?CLDOPTR
  -------         ENDMOD        ?C?CLDOPTR

  -------         MODULE        ?C?CILDOPTR
  C:04D9H         PUBLIC        ?C?CILDOPTR
  -------         ENDMOD        ?C?CILDOPTR

  -------         MODULE        ?C?CSTPTR
  C:050CH         PUBLIC        ?C?CSTPTR
  -------         ENDMOD        ?C?CSTPTR

  -------         MODULE        ?C?CSTOPTR
  C:051EH         PUBLIC        ?C?CSTOPTR
  -------         ENDMOD        ?C?CSTOPTR

  -------         MODULE        ?C?IILDX
  C:0540H         PUBLIC        ?C?IILDX
  -------         ENDMOD        ?C?IILDX

  -------         MODULE        ?C?LADD
  C:0556H         PUBLIC        ?C?LADD
  -------         ENDMOD        ?C?LADD

  -------         MODULE        ?C?LMUL
  C:0563H         PUBLIC        ?C?LMUL
  -------         ENDMOD        ?C?LMUL

  -------         MODULE        ?C?ULDIV
  C:05EEH         PUBLIC        ?C?ULDIV
  -------         ENDMOD        ?C?ULDIV

  -------         MODULE        ?C?LNEG
  C:0680H         PUBLIC        ?C?LNEG
  -------         ENDMOD        ?C?LNEG

  -------         MODULE        ?C?ULCMP
  C:068EH         PUBLIC        ?C?ULCMP
  -------         ENDMOD        ?C?ULCMP

  -------         MODULE        ?C?ULSHR
  C:069FH         PUBLIC        ?C?ULSHR
  -------         ENDMOD        ?C?ULSHR

  -------         MODULE        ?C?LSHL
  C:06B2H         PUBLIC        ?C?LSHL
  -------         ENDMOD        ?C?LSHL

  -------         MODULE        ?C?LLDXDATA
  C:06C5H         PUBLIC        ?C?LLDXDATA
  -------         ENDMOD        ?C?LLDXDATA
BL51 BANKED LINKER/LOCATER V6.22.4.0                                                  04/01/2026  17:09:07  PAGE 49



  -------         MODULE        ?C?LLDCODE
  C:06D1H         PUBLIC        ?C?LLDCODE
  -------         ENDMOD        ?C?LLDCODE

  -------         MODULE        ?C?LLDXDATA0
  C:06E1H         PUBLIC        ?C?LLDXDATA0
  -------         ENDMOD        ?C?LLDXDATA0

  -------         MODULE        ?C?LLDCODE0
  C:06EDH         PUBLIC        ?C?LLDCODE0
  -------         ENDMOD        ?C?LLDCODE0

  -------         MODULE        ?C?LSTXDATA
  C:06FDH         PUBLIC        ?C?LSTXDATA
  -------         ENDMOD        ?C?LSTXDATA

  -------         MODULE        ?C?LSTKXDATA
  C:0709H         PUBLIC        ?C?LSTKXDATA
  -------         ENDMOD        ?C?LSTKXDATA

  -------         MODULE        ?C?PLDXDATA
  C:073AH         PUBLIC        ?C?PLDXDATA
  -------         ENDMOD        ?C?PLDXDATA

  -------         MODULE        ?C?PLDIXDATA
  C:0743H         PUBLIC        ?C?PLDIXDATA
  -------         ENDMOD        ?C?PLDIXDATA

  -------         MODULE        ?C?PSTXDATA
  C:075AH         PUBLIC        ?C?PSTXDATA
  -------         ENDMOD        ?C?PSTXDATA

  -------         MODULE        ?C?PLDOPTR
  C:0763H         PUBLIC        ?C?PLDOPTR
  -------         ENDMOD        ?C?PLDOPTR

  -------         MODULE        ?C?CCASE
  C:0793H         PUBLIC        ?C?CCASE
  -------         ENDMOD        ?C?CCASE

  -------         MODULE        ?C?ICALL
  C:07B9H         PUBLIC        ?C?ICALL
  C:07BDH         PUBLIC        ?C?ICALL2
  -------         ENDMOD        ?C?ICALL

  -------         MODULE        ?C?LIMUL
  C:07BFH         PUBLIC        ?C?LIMUL
  -------         ENDMOD        ?C?LIMUL

  -------         MODULE        ?C?PLDIDATA
  C:07ECH         PUBLIC        ?C?PLDIDATA
  -------         ENDMOD        ?C?PLDIDATA

  -------         MODULE        ?C?PLDPDATA
  C:07F5H         PUBLIC        ?C?PLDPDATA
  -------         ENDMOD        ?C?PLDPDATA
BL51 BANKED LINKER/LOCATER V6.22.4.0                                                  04/01/2026  17:09:07  PAGE 50



  -------         MODULE        ?C?PLDCODE
  C:07FEH         PUBLIC        ?C?PLDCODE
  -------         ENDMOD        ?C?PLDCODE

Program Size: data=10.4 xdata=865 code=10284
LINK/LOCATE RUN COMPLETE.  0 WARNING(S),  0 ERROR(S)
